Sep 25 18:30:32 cenvi510-storage systemd[1]: Starting glofas-fetch.service - Fetch GloFAS via lftp...
Sep 25 19:25:26 cenvi510-storage systemd[1]: glofas-fetch.service: Deactivated successfully.
Sep 25 19:25:26 cenvi510-storage systemd[1]: Finished glofas-fetch.service - Fetch GloFAS via lftp.
Sep 25 19:25:26 cenvi510-storage systemd[1]: glofas-fetch.service: Consumed 5.761s CPU time.
Sep 25 19:25:26 cenvi510-storage systemd[1]: Starting river-flood-process.service - Process GloFAS data for river flood workflow...
Sep 25 19:25:27 cenvi510-storage river-flood-process[27233]: 2026-09-25 19:25:27 | INFO     | pipeline   | run_daily_monitoring:60      | run_daily_monitoring started — run='daily_flood_monitoring', issue_date=2026-09-25, basins=2, steps=[extract=True, forecast=True, save=True], log=/var/log/river-flood-workflow/2026/09/daily_flood_monitoring_20260925T192527.txt
Sep 25 19:25:27 cenvi510-storage river-flood-process[27233]: 2026-09-25 19:25:27 | INFO     | extract    | extract:31                   | Processing basin 'cagayan'
Sep 25 19:25:27 cenvi510-storage river-flood-process[27233]: 2026-09-25 19:25:27 | INFO     | extract    | _resolve_forecast_path:109   | Checking forecast file: /usr/var/cache/glofas/glofas_areagrid_for_Phillippines_in_Phillippines_2026092500.nc
Sep 25 19:25:27 cenvi510-storage river-flood-process[27233]: 2026-09-25 19:25:27 | INFO     | extract    | _resolve_forecast_path:111   | Forecast file found: /usr/var/cache/glofas/glofas_areagrid_for_Phillippines_in_Phillippines_2026092500.nc
Sep 25 19:25:27 cenvi510-storage river-flood-process[27233]: 2026-09-25 19:25:27 | INFO     | extract    | _load_oep_thresholds:130     | Loading OEP thresholds from /opt/river-flood-workflow/config/risk_profiles/cagayan_oep_curves_all_units.json (oep_min=100)
Sep 25 19:25:27 cenvi510-storage river-flood-process[27233]: 2026-09-25 19:25:27 | INFO     | extract    | _load_oep_thresholds:168     | OEP thresholds loaded: 337 units with valid thresholds (from 338 total, oep_min=100)
Sep 25 19:25:28 cenvi510-storage river-flood-process[27233]: 2026-09-25 19:25:28 | INFO     | extract    | _filter_units_by_target_adm2:243 | Target ADM2 filtering complete for basin 'cagayan': 337 -> 25 units (targets=1)
Sep 25 19:25:28 cenvi510-storage river-flood-process[27233]: 2026-09-25 19:25:28 | INFO     | forecast   | forecast:59                  | Starting evaluation — basin='cagayan', issue_date=2026-09-25
Sep 25 19:25:28 cenvi510-storage river-flood-process[27233]: 2026-09-25 19:25:28 | INFO     | forecast   | detect_flood_events:1318     | Detect phase (detect_flood_events) — basin='cagayan', issue_date=2026-09-25, leads=[1, 2, 3, 4, 5], t0_years=2.0, a_min_km2=100
Sep 25 19:25:28 cenvi510-storage river-flood-process[27233]: 2026-09-25 19:25:28 | INFO     | forecast   | detect_flood_events:1357     | EVT1 params loaded: 1024 cells for basin 'cagayan'
Sep 25 19:25:34 cenvi510-storage river-flood-process[27233]: /opt/river-flood-workflow/.venv/lib/python3.11/site-packages/xarray/backends/plugins.py:109: RuntimeWarning: Engine 'cfgrib' loading failed:
Sep 25 19:25:34 cenvi510-storage river-flood-process[27233]: Cannot find the ecCodes library
Sep 25 19:25:34 cenvi510-storage river-flood-process[27233]:   external_backend_entrypoints = backends_dict_from_pkg(entrypoints_unique)
Sep 25 19:25:35 cenvi510-storage river-flood-process[27233]: 2026-09-25 19:25:35 | INFO     | forecast   | _open_forecast_source:891    | Forecast source opened: 1 files, time_dim='time', member_dim='member', indexed_members=51
Sep 25 19:25:36 cenvi510-storage river-flood-process[27233]: 2026-09-25 19:25:36 | INFO     | forecast   | detect_flood_events:1455     | Lead  1d: 0/51 flood members, 0 qualifying patches
Sep 25 19:25:37 cenvi510-storage river-flood-process[27233]: 2026-09-25 19:25:37 | INFO     | forecast   | detect_flood_events:1455     | Lead  2d: 0/51 flood members, 0 qualifying patches
Sep 25 19:25:39 cenvi510-storage river-flood-process[27233]: 2026-09-25 19:25:39 | INFO     | forecast   | detect_flood_events:1455     | Lead  3d: 0/51 flood members, 0 qualifying patches
Sep 25 19:25:42 cenvi510-storage river-flood-process[27233]: 2026-09-25 19:25:42 | INFO     | forecast   | detect_flood_events:1455     | Lead  4d: 0/51 flood members, 0 qualifying patches
Sep 25 19:25:45 cenvi510-storage river-flood-process[27233]: 2026-09-25 19:25:45 | INFO     | forecast   | detect_flood_events:1455     | Lead  5d: 0/51 flood members, 0 qualifying patches
Sep 25 19:25:45 cenvi510-storage river-flood-process[27233]: 2026-09-25 19:25:45 | INFO     | forecast   | detect_flood_events:1537     | Detect phase complete — 337 units, 5 lead days, 51 members
Sep 25 19:25:45 cenvi510-storage river-flood-process[27233]: 2026-09-25 19:25:45 | INFO     | forecast   | forecast:77                  | Detection mode complete — impact cube has 337 units
Sep 25 19:25:45 cenvi510-storage river-flood-process[27233]: 2026-09-25 19:25:45 | INFO     | forecast   | _aggregate_adm3_impacts_to_adm2:181 | ADM2 aggregation complete: 24 ADM3 units rolled up into parent ADM2 impact totals
Sep 25 19:25:45 cenvi510-storage river-flood-process[27233]: 2026-09-25 19:25:45 | INFO     | forecast   | _compute_prob_exceed:1562    | Computing exceedance probabilities: 337 cube units, 51 ensemble members
Sep 25 19:25:45 cenvi510-storage river-flood-process[27233]: 2026-09-25 19:25:45 | INFO     | forecast   | _compute_prob_exceed:1581    | Exceedance probabilities computed for 25 qualifying units
Sep 25 19:25:45 cenvi510-storage river-flood-process[27233]: 2026-09-25 19:25:45 | INFO     | forecast   | _apply_tier_rules:210        | Applying 3 tier rules to 25 units (persist_days=2, min_lead=1)
Sep 25 19:25:45 cenvi510-storage river-flood-process[27233]: 2026-09-25 19:25:45 | INFO     | forecast   | _apply_tier_rules:305        | Tier evaluation complete: 25 units, 0 tier decisions fired, 1 units below oep_min=100
Sep 25 19:25:45 cenvi510-storage river-flood-process[27233]: 2026-09-25 19:25:45 | INFO     | forecast   | forecast:96                  | Evaluation complete — basin='cagayan', 25 units evaluated
Sep 25 19:25:45 cenvi510-storage river-flood-process[27233]: 2026-09-25 19:25:45 | INFO     | extract    | extract:31                   | Processing basin 'bicol'
Sep 25 19:25:45 cenvi510-storage river-flood-process[27233]: 2026-09-25 19:25:45 | INFO     | extract    | _resolve_forecast_path:109   | Checking forecast file: /usr/var/cache/glofas/glofas_areagrid_for_Phillippines_in_Phillippines_2026092500.nc
Sep 25 19:25:45 cenvi510-storage river-flood-process[27233]: 2026-09-25 19:25:45 | INFO     | extract    | _resolve_forecast_path:111   | Forecast file found: /usr/var/cache/glofas/glofas_areagrid_for_Phillippines_in_Phillippines_2026092500.nc
Sep 25 19:25:45 cenvi510-storage river-flood-process[27233]: 2026-09-25 19:25:45 | INFO     | extract    | _load_oep_thresholds:130     | Loading OEP thresholds from /opt/river-flood-workflow/config/risk_profiles/bicol_oep_curves_all_units.json (oep_min=100)
Sep 25 19:25:45 cenvi510-storage river-flood-process[27233]: 2026-09-25 19:25:45 | INFO     | extract    | _load_oep_thresholds:168     | OEP thresholds loaded: 138 units with valid thresholds (from 139 total, oep_min=100)
Sep 25 19:25:45 cenvi510-storage river-flood-process[27233]: 2026-09-25 19:25:45 | INFO     | extract    | _filter_units_by_target_adm2:243 | Target ADM2 filtering complete for basin 'bicol': 138 -> 35 units (targets=1)
Sep 25 19:25:45 cenvi510-storage river-flood-process[27233]: 2026-09-25 19:25:45 | INFO     | forecast   | forecast:59                  | Starting evaluation — basin='bicol', issue_date=2026-09-25
Sep 25 19:25:45 cenvi510-storage river-flood-process[27233]: 2026-09-25 19:25:45 | INFO     | forecast   | detect_flood_events:1318     | Detect phase (detect_flood_events) — basin='bicol', issue_date=2026-09-25, leads=[1, 2, 3, 4, 5], t0_years=2.0, a_min_km2=100
Sep 25 19:25:45 cenvi510-storage river-flood-process[27233]: 2026-09-25 19:25:45 | INFO     | forecast   | detect_flood_events:1357     | EVT1 params loaded: 137 cells for basin 'bicol'
Sep 25 19:25:51 cenvi510-storage river-flood-process[27233]: 2026-09-25 19:25:51 | INFO     | forecast   | _open_forecast_source:891    | Forecast source opened: 1 files, time_dim='time', member_dim='member', indexed_members=51
Sep 25 19:25:51 cenvi510-storage river-flood-process[27233]: 2026-09-25 19:25:51 | INFO     | forecast   | detect_flood_events:1455     | Lead  1d: 0/51 flood members, 0 qualifying patches
Sep 25 19:25:53 cenvi510-storage river-flood-process[27233]: 2026-09-25 19:25:53 | INFO     | forecast   | detect_flood_events:1455     | Lead  2d: 0/51 flood members, 0 qualifying patches
Sep 25 19:25:54 cenvi510-storage river-flood-process[27233]: 2026-09-25 19:25:54 | INFO     | forecast   | detect_flood_events:1455     | Lead  3d: 0/51 flood members, 0 qualifying patches
Sep 25 19:25:57 cenvi510-storage river-flood-process[27233]: 2026-09-25 19:25:57 | INFO     | forecast   | detect_flood_events:1455     | Lead  4d: 0/51 flood members, 0 qualifying patches
Sep 25 19:26:00 cenvi510-storage river-flood-process[27233]: 2026-09-25 19:26:00 | INFO     | forecast   | detect_flood_events:1455     | Lead  5d: 0/51 flood members, 0 qualifying patches
Sep 25 19:26:00 cenvi510-storage river-flood-process[27233]: 2026-09-25 19:26:00 | INFO     | forecast   | detect_flood_events:1537     | Detect phase complete — 138 units, 5 lead days, 51 members
Sep 25 19:26:00 cenvi510-storage river-flood-process[27233]: 2026-09-25 19:26:00 | INFO     | forecast   | forecast:77                  | Detection mode complete — impact cube has 138 units
Sep 25 19:26:00 cenvi510-storage river-flood-process[27233]: 2026-09-25 19:26:00 | INFO     | forecast   | _aggregate_adm3_impacts_to_adm2:181 | ADM2 aggregation complete: 34 ADM3 units rolled up into parent ADM2 impact totals
Sep 25 19:26:00 cenvi510-storage river-flood-process[27233]: 2026-09-25 19:26:00 | INFO     | forecast   | _compute_prob_exceed:1562    | Computing exceedance probabilities: 138 cube units, 51 ensemble members
Sep 25 19:26:00 cenvi510-storage river-flood-process[27233]: 2026-09-25 19:26:00 | INFO     | forecast   | _compute_prob_exceed:1581    | Exceedance probabilities computed for 35 qualifying units
Sep 25 19:26:00 cenvi510-storage river-flood-process[27233]: 2026-09-25 19:26:00 | INFO     | forecast   | _apply_tier_rules:210        | Applying 3 tier rules to 35 units (persist_days=2, min_lead=1)
Sep 25 19:26:00 cenvi510-storage river-flood-process[27233]: 2026-09-25 19:26:00 | INFO     | forecast   | _apply_tier_rules:305        | Tier evaluation complete: 35 units, 0 tier decisions fired, 35 units below oep_min=100
Sep 25 19:26:00 cenvi510-storage river-flood-process[27233]: 2026-09-25 19:26:00 | INFO     | forecast   | forecast:96                  | Evaluation complete — basin='bicol', 35 units evaluated
Sep 25 19:26:00 cenvi510-storage river-flood-process[27233]: 2026-09-25 19:26:00 | INFO     | save       | save:37                      | Writing output: 2 basins, format=csv, dir=/opt/river-flood-workflow/data/gold/trigger_decisions/2026-09-25
Sep 25 19:26:00 cenvi510-storage river-flood-process[27233]: 2026-09-25 19:26:00 | INFO     | save       | _save_activation_decisions:222 | Activation file written: /opt/river-flood-workflow/data/gold/trigger_decisions/2026-09-25/activation_2026-09-25_20260925T112600Z.csv
Sep 25 19:26:00 cenvi510-storage river-flood-process[27233]: 2026-09-25 19:26:00 | INFO     | save       | _save_operational_information:235 | Operational information file written: /opt/river-flood-workflow/data/gold/trigger_decisions/2026-09-25/operational_information_2026-09-25_20260925T112600Z.csv
Sep 25 19:26:00 cenvi510-storage river-flood-process[27233]: 2026-09-25 19:26:00 | INFO     | save       | save:79                      | No activated tiers found; skipping decision summary file
Sep 25 19:26:00 cenvi510-storage river-flood-process[27233]: 2026-09-25 19:26:00 | INFO     | save       | _prepare_trigger_decisions_for_plotting:282 | Skipping map plotting: no activated rows in CSV
Sep 25 19:26:00 cenvi510-storage river-flood-process[27233]: 2026-09-25 19:26:00 | INFO     | save       | _save_maps:545               | Map files saved: 0 map(s) written to /opt/river-flood-workflow/data/gold/trigger_decisions/2026-09-25/maps
Sep 25 19:26:00 cenvi510-storage river-flood-process[27233]: 2026-09-25 19:26:00 | INFO     | pipeline   | run_daily_monitoring:127     | run_daily_monitoring complete — 2 basins, 0 tier fires, activation=/opt/river-flood-workflow/data/gold/trigger_decisions/2026-09-25/activation_2026-09-25_20260925T112600Z.csv, operational_information=/opt/river-flood-workflow/data/gold/trigger_decisions/2026-09-25/operational_information_2026-09-25_20260925T112600Z.csv
Sep 25 19:26:00 cenvi510-storage river-flood-process[27233]: 2026-09-25 19:26:00 | INFO     | cli        | main:80                      | Daily ETL complete: 2 basins, 60 units, 0 fired tier decisions. Output: /opt/river-flood-workflow/data/gold/trigger_decisions/2026-09-25/operational_information_2026-09-25_20260925T112600Z.csv
Sep 25 19:26:00 cenvi510-storage river-flood-process[27231]: No alert requested.
Sep 25 19:26:00 cenvi510-storage systemd[1]: river-flood-process.service: Deactivated successfully.
Sep 25 19:26:00 cenvi510-storage systemd[1]: Finished river-flood-process.service - Process GloFAS data for river flood workflow.
Sep 25 19:26:00 cenvi510-storage systemd[1]: river-flood-process.service: Consumed 33.301s CPU time.
Sep 26 18:30:02 cenvi510-storage systemd[1]: Starting glofas-fetch.service - Fetch GloFAS via lftp...
Sep 26 19:03:44 cenvi510-storage systemd[1]: glofas-fetch.service: Deactivated successfully.
Sep 26 19:03:44 cenvi510-storage systemd[1]: Finished glofas-fetch.service - Fetch GloFAS via lftp.
Sep 26 19:03:44 cenvi510-storage systemd[1]: glofas-fetch.service: Consumed 5.194s CPU time.
Sep 26 19:03:44 cenvi510-storage systemd[1]: Starting river-flood-process.service - Process GloFAS data for river flood workflow...
Sep 26 19:03:45 cenvi510-storage river-flood-process[35684]: 2026-09-26 19:03:45 | INFO     | pipeline   | run_daily_monitoring:60      | run_daily_monitoring started — run='daily_flood_monitoring', issue_date=2026-09-26, basins=2, steps=[extract=True, forecast=True, save=True], log=/var/log/river-flood-workflow/2026/09/daily_flood_monitoring_20260926T190345.txt
Sep 26 19:03:45 cenvi510-storage river-flood-process[35684]: 2026-09-26 19:03:45 | INFO     | extract    | extract:31                   | Processing basin 'cagayan'
Sep 26 19:03:45 cenvi510-storage river-flood-process[35684]: 2026-09-26 19:03:45 | INFO     | extract    | _resolve_forecast_path:109   | Checking forecast file: /usr/var/cache/glofas/glofas_areagrid_for_Phillippines_in_Phillippines_2026092600.nc
Sep 26 19:03:45 cenvi510-storage river-flood-process[35684]: 2026-09-26 19:03:45 | INFO     | extract    | _resolve_forecast_path:111   | Forecast file found: /usr/var/cache/glofas/glofas_areagrid_for_Phillippines_in_Phillippines_2026092600.nc
Sep 26 19:03:45 cenvi510-storage river-flood-process[35684]: 2026-09-26 19:03:45 | INFO     | extract    | _load_oep_thresholds:130     | Loading OEP thresholds from /opt/river-flood-workflow/config/risk_profiles/cagayan_oep_curves_all_units.json (oep_min=100)
Sep 26 19:03:45 cenvi510-storage river-flood-process[35684]: 2026-09-26 19:03:45 | INFO     | extract    | _load_oep_thresholds:168     | OEP thresholds loaded: 337 units with valid thresholds (from 338 total, oep_min=100)
Sep 26 19:03:45 cenvi510-storage river-flood-process[35684]: 2026-09-26 19:03:45 | INFO     | extract    | _filter_units_by_target_adm2:243 | Target ADM2 filtering complete for basin 'cagayan': 337 -> 25 units (targets=1)
Sep 26 19:03:45 cenvi510-storage river-flood-process[35684]: 2026-09-26 19:03:45 | INFO     | forecast   | forecast:59                  | Starting evaluation — basin='cagayan', issue_date=2026-09-26
Sep 26 19:03:45 cenvi510-storage river-flood-process[35684]: 2026-09-26 19:03:45 | INFO     | forecast   | detect_flood_events:1318     | Detect phase (detect_flood_events) — basin='cagayan', issue_date=2026-09-26, leads=[1, 2, 3, 4, 5], t0_years=2.0, a_min_km2=100
Sep 26 19:03:45 cenvi510-storage river-flood-process[35684]: 2026-09-26 19:03:45 | INFO     | forecast   | detect_flood_events:1357     | EVT1 params loaded: 1024 cells for basin 'cagayan'
Sep 26 19:03:51 cenvi510-storage river-flood-process[35684]: /opt/river-flood-workflow/.venv/lib/python3.11/site-packages/xarray/backends/plugins.py:109: RuntimeWarning: Engine 'cfgrib' loading failed:
Sep 26 19:03:51 cenvi510-storage river-flood-process[35684]: Cannot find the ecCodes library
Sep 26 19:03:51 cenvi510-storage river-flood-process[35684]:   external_backend_entrypoints = backends_dict_from_pkg(entrypoints_unique)
Sep 26 19:03:51 cenvi510-storage river-flood-process[35684]: 2026-09-26 19:03:51 | INFO     | forecast   | _open_forecast_source:891    | Forecast source opened: 1 files, time_dim='time', member_dim='member', indexed_members=51
Sep 26 19:03:52 cenvi510-storage river-flood-process[35684]: 2026-09-26 19:03:52 | INFO     | forecast   | detect_flood_events:1455     | Lead  1d: 0/51 flood members, 0 qualifying patches
Sep 26 19:03:53 cenvi510-storage river-flood-process[35684]: 2026-09-26 19:03:53 | INFO     | forecast   | detect_flood_events:1455     | Lead  2d: 0/51 flood members, 0 qualifying patches
Sep 26 19:03:55 cenvi510-storage river-flood-process[35684]: 2026-09-26 19:03:55 | INFO     | forecast   | detect_flood_events:1455     | Lead  3d: 0/51 flood members, 0 qualifying patches
Sep 26 19:03:58 cenvi510-storage river-flood-process[35684]: 2026-09-26 19:03:58 | INFO     | forecast   | detect_flood_events:1455     | Lead  4d: 0/51 flood members, 0 qualifying patches
Sep 26 19:04:00 cenvi510-storage river-flood-process[35684]: 2026-09-26 19:04:00 | INFO     | forecast   | detect_flood_events:1455     | Lead  5d: 0/51 flood members, 0 qualifying patches
Sep 26 19:04:00 cenvi510-storage river-flood-process[35684]: 2026-09-26 19:04:00 | INFO     | forecast   | detect_flood_events:1537     | Detect phase complete — 337 units, 5 lead days, 51 members
Sep 26 19:04:00 cenvi510-storage river-flood-process[35684]: 2026-09-26 19:04:00 | INFO     | forecast   | forecast:77                  | Detection mode complete — impact cube has 337 units
Sep 26 19:04:00 cenvi510-storage river-flood-process[35684]: 2026-09-26 19:04:00 | INFO     | forecast   | _aggregate_adm3_impacts_to_adm2:181 | ADM2 aggregation complete: 24 ADM3 units rolled up into parent ADM2 impact totals
Sep 26 19:04:00 cenvi510-storage river-flood-process[35684]: 2026-09-26 19:04:00 | INFO     | forecast   | _compute_prob_exceed:1562    | Computing exceedance probabilities: 337 cube units, 51 ensemble members
Sep 26 19:04:00 cenvi510-storage river-flood-process[35684]: 2026-09-26 19:04:00 | INFO     | forecast   | _compute_prob_exceed:1581    | Exceedance probabilities computed for 25 qualifying units
Sep 26 19:04:00 cenvi510-storage river-flood-process[35684]: 2026-09-26 19:04:00 | INFO     | forecast   | _apply_tier_rules:210        | Applying 3 tier rules to 25 units (persist_days=2, min_lead=1)
Sep 26 19:04:00 cenvi510-storage river-flood-process[35684]: 2026-09-26 19:04:00 | INFO     | forecast   | _apply_tier_rules:305        | Tier evaluation complete: 25 units, 0 tier decisions fired, 1 units below oep_min=100
Sep 26 19:04:00 cenvi510-storage river-flood-process[35684]: 2026-09-26 19:04:00 | INFO     | forecast   | forecast:96                  | Evaluation complete — basin='cagayan', 25 units evaluated
Sep 26 19:04:00 cenvi510-storage river-flood-process[35684]: 2026-09-26 19:04:00 | INFO     | extract    | extract:31                   | Processing basin 'bicol'
Sep 26 19:04:00 cenvi510-storage river-flood-process[35684]: 2026-09-26 19:04:00 | INFO     | extract    | _resolve_forecast_path:109   | Checking forecast file: /usr/var/cache/glofas/glofas_areagrid_for_Phillippines_in_Phillippines_2026092600.nc
Sep 26 19:04:00 cenvi510-storage river-flood-process[35684]: 2026-09-26 19:04:00 | INFO     | extract    | _resolve_forecast_path:111   | Forecast file found: /usr/var/cache/glofas/glofas_areagrid_for_Phillippines_in_Phillippines_2026092600.nc
Sep 26 19:04:00 cenvi510-storage river-flood-process[35684]: 2026-09-26 19:04:00 | INFO     | extract    | _load_oep_thresholds:130     | Loading OEP thresholds from /opt/river-flood-workflow/config/risk_profiles/bicol_oep_curves_all_units.json (oep_min=100)
Sep 26 19:04:00 cenvi510-storage river-flood-process[35684]: 2026-09-26 19:04:00 | INFO     | extract    | _load_oep_thresholds:168     | OEP thresholds loaded: 138 units with valid thresholds (from 139 total, oep_min=100)
Sep 26 19:04:01 cenvi510-storage river-flood-process[35684]: 2026-09-26 19:04:01 | INFO     | extract    | _filter_units_by_target_adm2:243 | Target ADM2 filtering complete for basin 'bicol': 138 -> 35 units (targets=1)
Sep 26 19:04:01 cenvi510-storage river-flood-process[35684]: 2026-09-26 19:04:01 | INFO     | forecast   | forecast:59                  | Starting evaluation — basin='bicol', issue_date=2026-09-26
Sep 26 19:04:01 cenvi510-storage river-flood-process[35684]: 2026-09-26 19:04:01 | INFO     | forecast   | detect_flood_events:1318     | Detect phase (detect_flood_events) — basin='bicol', issue_date=2026-09-26, leads=[1, 2, 3, 4, 5], t0_years=2.0, a_min_km2=100
Sep 26 19:04:01 cenvi510-storage river-flood-process[35684]: 2026-09-26 19:04:01 | INFO     | forecast   | detect_flood_events:1357     | EVT1 params loaded: 137 cells for basin 'bicol'
Sep 26 19:04:06 cenvi510-storage river-flood-process[35684]: 2026-09-26 19:04:06 | INFO     | forecast   | _open_forecast_source:891    | Forecast source opened: 1 files, time_dim='time', member_dim='member', indexed_members=51
Sep 26 19:04:07 cenvi510-storage river-flood-process[35684]: 2026-09-26 19:04:07 | INFO     | forecast   | detect_flood_events:1455     | Lead  1d: 0/51 flood members, 0 qualifying patches
Sep 26 19:04:08 cenvi510-storage river-flood-process[35684]: 2026-09-26 19:04:08 | INFO     | forecast   | detect_flood_events:1455     | Lead  2d: 0/51 flood members, 0 qualifying patches
Sep 26 19:04:10 cenvi510-storage river-flood-process[35684]: 2026-09-26 19:04:10 | INFO     | forecast   | detect_flood_events:1455     | Lead  3d: 0/51 flood members, 0 qualifying patches
Sep 26 19:04:12 cenvi510-storage river-flood-process[35684]: 2026-09-26 19:04:12 | INFO     | forecast   | detect_flood_events:1455     | Lead  4d: 0/51 flood members, 0 qualifying patches
Sep 26 19:04:15 cenvi510-storage river-flood-process[35684]: 2026-09-26 19:04:15 | INFO     | forecast   | detect_flood_events:1455     | Lead  5d: 0/51 flood members, 0 qualifying patches
Sep 26 19:04:15 cenvi510-storage river-flood-process[35684]: 2026-09-26 19:04:15 | INFO     | forecast   | detect_flood_events:1537     | Detect phase complete — 138 units, 5 lead days, 51 members
Sep 26 19:04:15 cenvi510-storage river-flood-process[35684]: 2026-09-26 19:04:15 | INFO     | forecast   | forecast:77                  | Detection mode complete — impact cube has 138 units
Sep 26 19:04:15 cenvi510-storage river-flood-process[35684]: 2026-09-26 19:04:15 | INFO     | forecast   | _aggregate_adm3_impacts_to_adm2:181 | ADM2 aggregation complete: 34 ADM3 units rolled up into parent ADM2 impact totals
Sep 26 19:04:15 cenvi510-storage river-flood-process[35684]: 2026-09-26 19:04:15 | INFO     | forecast   | _compute_prob_exceed:1562    | Computing exceedance probabilities: 138 cube units, 51 ensemble members
Sep 26 19:04:15 cenvi510-storage river-flood-process[35684]: 2026-09-26 19:04:15 | INFO     | forecast   | _compute_prob_exceed:1581    | Exceedance probabilities computed for 35 qualifying units
Sep 26 19:04:15 cenvi510-storage river-flood-process[35684]: 2026-09-26 19:04:15 | INFO     | forecast   | _apply_tier_rules:210        | Applying 3 tier rules to 35 units (persist_days=2, min_lead=1)
Sep 26 19:04:15 cenvi510-storage river-flood-process[35684]: 2026-09-26 19:04:15 | INFO     | forecast   | _apply_tier_rules:305        | Tier evaluation complete: 35 units, 0 tier decisions fired, 35 units below oep_min=100
Sep 26 19:04:15 cenvi510-storage river-flood-process[35684]: 2026-09-26 19:04:15 | INFO     | forecast   | forecast:96                  | Evaluation complete — basin='bicol', 35 units evaluated
Sep 26 19:04:15 cenvi510-storage river-flood-process[35684]: 2026-09-26 19:04:15 | INFO     | save       | save:37                      | Writing output: 2 basins, format=csv, dir=/opt/river-flood-workflow/data/gold/trigger_decisions/2026-09-26
Sep 26 19:04:15 cenvi510-storage river-flood-process[35684]: 2026-09-26 19:04:15 | INFO     | save       | _save_activation_decisions:222 | Activation file written: /opt/river-flood-workflow/data/gold/trigger_decisions/2026-09-26/activation_2026-09-26_20260926T110415Z.csv
Sep 26 19:04:15 cenvi510-storage river-flood-process[35684]: 2026-09-26 19:04:15 | INFO     | save       | _save_operational_information:235 | Operational information file written: /opt/river-flood-workflow/data/gold/trigger_decisions/2026-09-26/operational_information_2026-09-26_20260926T110415Z.csv
Sep 26 19:04:16 cenvi510-storage river-flood-process[35684]: 2026-09-26 19:04:15 | INFO     | save       | save:79                      | No activated tiers found; skipping decision summary file
Sep 26 19:04:16 cenvi510-storage river-flood-process[35684]: 2026-09-26 19:04:16 | INFO     | save       | _prepare_trigger_decisions_for_plotting:282 | Skipping map plotting: no activated rows in CSV
Sep 26 19:04:16 cenvi510-storage river-flood-process[35684]: 2026-09-26 19:04:16 | INFO     | save       | _save_maps:545               | Map files saved: 0 map(s) written to /opt/river-flood-workflow/data/gold/trigger_decisions/2026-09-26/maps
Sep 26 19:04:16 cenvi510-storage river-flood-process[35684]: 2026-09-26 19:04:16 | INFO     | pipeline   | run_daily_monitoring:127     | run_daily_monitoring complete — 2 basins, 0 tier fires, activation=/opt/river-flood-workflow/data/gold/trigger_decisions/2026-09-26/activation_2026-09-26_20260926T110415Z.csv, operational_information=/opt/river-flood-workflow/data/gold/trigger_decisions/2026-09-26/operational_information_2026-09-26_20260926T110415Z.csv
Sep 26 19:04:16 cenvi510-storage river-flood-process[35684]: 2026-09-26 19:04:16 | INFO     | cli        | main:80                      | Daily ETL complete: 2 basins, 60 units, 0 fired tier decisions. Output: /opt/river-flood-workflow/data/gold/trigger_decisions/2026-09-26/operational_information_2026-09-26_20260926T110415Z.csv
Sep 26 19:04:16 cenvi510-storage river-flood-process[35682]: No alert requested.
Sep 26 19:04:16 cenvi510-storage systemd[1]: river-flood-process.service: Deactivated successfully.
Sep 26 19:04:16 cenvi510-storage systemd[1]: Finished river-flood-process.service - Process GloFAS data for river flood workflow.
Sep 26 19:04:16 cenvi510-storage systemd[1]: river-flood-process.service: Consumed 32.760s CPU time.
Sep 27 18:30:12 cenvi510-storage systemd[1]: Starting glofas-fetch.service - Fetch GloFAS via lftp...
Sep 27 19:13:11 cenvi510-storage systemd[1]: glofas-fetch.service: Deactivated successfully.
Sep 27 19:13:11 cenvi510-storage systemd[1]: Finished glofas-fetch.service - Fetch GloFAS via lftp.
Sep 27 19:13:11 cenvi510-storage systemd[1]: glofas-fetch.service: Consumed 6.497s CPU time.
Sep 27 19:13:11 cenvi510-storage systemd[1]: Starting river-flood-process.service - Process GloFAS data for river flood workflow...
Sep 27 19:13:12 cenvi510-storage river-flood-process[44528]: 2026-09-27 19:13:12 | INFO     | pipeline   | run_daily_monitoring:60      | run_daily_monitoring started — run='daily_flood_monitoring', issue_date=2026-09-27, basins=2, steps=[extract=True, forecast=True, save=True], log=/var/log/river-flood-workflow/2026/09/daily_flood_monitoring_20260927T191312.txt
Sep 27 19:13:12 cenvi510-storage river-flood-process[44528]: 2026-09-27 19:13:12 | INFO     | extract    | extract:31                   | Processing basin 'cagayan'
Sep 27 19:13:12 cenvi510-storage river-flood-process[44528]: 2026-09-27 19:13:12 | INFO     | extract    | _resolve_forecast_path:109   | Checking forecast file: /usr/var/cache/glofas/glofas_areagrid_for_Phillippines_in_Phillippines_2026092700.nc
Sep 27 19:13:12 cenvi510-storage river-flood-process[44528]: 2026-09-27 19:13:12 | INFO     | extract    | _resolve_forecast_path:111   | Forecast file found: /usr/var/cache/glofas/glofas_areagrid_for_Phillippines_in_Phillippines_2026092700.nc
Sep 27 19:13:12 cenvi510-storage river-flood-process[44528]: 2026-09-27 19:13:12 | INFO     | extract    | _load_oep_thresholds:130     | Loading OEP thresholds from /opt/river-flood-workflow/config/risk_profiles/cagayan_oep_curves_all_units.json (oep_min=100)
Sep 27 19:13:12 cenvi510-storage river-flood-process[44528]: 2026-09-27 19:13:12 | INFO     | extract    | _load_oep_thresholds:168     | OEP thresholds loaded: 337 units with valid thresholds (from 338 total, oep_min=100)
Sep 27 19:13:12 cenvi510-storage river-flood-process[44528]: 2026-09-27 19:13:12 | INFO     | extract    | _filter_units_by_target_adm2:243 | Target ADM2 filtering complete for basin 'cagayan': 337 -> 25 units (targets=1)
Sep 27 19:13:12 cenvi510-storage river-flood-process[44528]: 2026-09-27 19:13:12 | INFO     | forecast   | forecast:59                  | Starting evaluation — basin='cagayan', issue_date=2026-09-27
Sep 27 19:13:12 cenvi510-storage river-flood-process[44528]: 2026-09-27 19:13:12 | INFO     | forecast   | detect_flood_events:1318     | Detect phase (detect_flood_events) — basin='cagayan', issue_date=2026-09-27, leads=[1, 2, 3, 4, 5], t0_years=2.0, a_min_km2=100
Sep 27 19:13:12 cenvi510-storage river-flood-process[44528]: 2026-09-27 19:13:12 | INFO     | forecast   | detect_flood_events:1357     | EVT1 params loaded: 1024 cells for basin 'cagayan'
Sep 27 19:13:18 cenvi510-storage river-flood-process[44528]: /opt/river-flood-workflow/.venv/lib/python3.11/site-packages/xarray/backends/plugins.py:109: RuntimeWarning: Engine 'cfgrib' loading failed:
Sep 27 19:13:18 cenvi510-storage river-flood-process[44528]: Cannot find the ecCodes library
Sep 27 19:13:18 cenvi510-storage river-flood-process[44528]:   external_backend_entrypoints = backends_dict_from_pkg(entrypoints_unique)
Sep 27 19:13:18 cenvi510-storage river-flood-process[44528]: 2026-09-27 19:13:18 | INFO     | forecast   | _open_forecast_source:891    | Forecast source opened: 1 files, time_dim='time', member_dim='member', indexed_members=51
Sep 27 19:13:19 cenvi510-storage river-flood-process[44528]: 2026-09-27 19:13:19 | INFO     | forecast   | detect_flood_events:1455     | Lead  1d: 0/51 flood members, 0 qualifying patches
Sep 27 19:13:21 cenvi510-storage river-flood-process[44528]: 2026-09-27 19:13:21 | INFO     | forecast   | detect_flood_events:1455     | Lead  2d: 0/51 flood members, 0 qualifying patches
Sep 27 19:13:22 cenvi510-storage river-flood-process[44528]: 2026-09-27 19:13:22 | INFO     | forecast   | detect_flood_events:1455     | Lead  3d: 0/51 flood members, 0 qualifying patches
Sep 27 19:13:25 cenvi510-storage river-flood-process[44528]: 2026-09-27 19:13:25 | INFO     | forecast   | detect_flood_events:1455     | Lead  4d: 0/51 flood members, 0 qualifying patches
Sep 27 19:13:28 cenvi510-storage river-flood-process[44528]: 2026-09-27 19:13:28 | INFO     | forecast   | detect_flood_events:1455     | Lead  5d: 0/51 flood members, 0 qualifying patches
Sep 27 19:13:28 cenvi510-storage river-flood-process[44528]: 2026-09-27 19:13:28 | INFO     | forecast   | detect_flood_events:1537     | Detect phase complete — 337 units, 5 lead days, 51 members
Sep 27 19:13:28 cenvi510-storage river-flood-process[44528]: 2026-09-27 19:13:28 | INFO     | forecast   | forecast:77                  | Detection mode complete — impact cube has 337 units
Sep 27 19:13:28 cenvi510-storage river-flood-process[44528]: 2026-09-27 19:13:28 | INFO     | forecast   | _aggregate_adm3_impacts_to_adm2:181 | ADM2 aggregation complete: 24 ADM3 units rolled up into parent ADM2 impact totals
Sep 27 19:13:28 cenvi510-storage river-flood-process[44528]: 2026-09-27 19:13:28 | INFO     | forecast   | _compute_prob_exceed:1562    | Computing exceedance probabilities: 337 cube units, 51 ensemble members
Sep 27 19:13:28 cenvi510-storage river-flood-process[44528]: 2026-09-27 19:13:28 | INFO     | forecast   | _compute_prob_exceed:1581    | Exceedance probabilities computed for 25 qualifying units
Sep 27 19:13:28 cenvi510-storage river-flood-process[44528]: 2026-09-27 19:13:28 | INFO     | forecast   | _apply_tier_rules:210        | Applying 3 tier rules to 25 units (persist_days=2, min_lead=1)
Sep 27 19:13:28 cenvi510-storage river-flood-process[44528]: 2026-09-27 19:13:28 | INFO     | forecast   | _apply_tier_rules:305        | Tier evaluation complete: 25 units, 0 tier decisions fired, 1 units below oep_min=100
Sep 27 19:13:28 cenvi510-storage river-flood-process[44528]: 2026-09-27 19:13:28 | INFO     | forecast   | forecast:96                  | Evaluation complete — basin='cagayan', 25 units evaluated
Sep 27 19:13:28 cenvi510-storage river-flood-process[44528]: 2026-09-27 19:13:28 | INFO     | extract    | extract:31                   | Processing basin 'bicol'
Sep 27 19:13:28 cenvi510-storage river-flood-process[44528]: 2026-09-27 19:13:28 | INFO     | extract    | _resolve_forecast_path:109   | Checking forecast file: /usr/var/cache/glofas/glofas_areagrid_for_Phillippines_in_Phillippines_2026092700.nc
Sep 27 19:13:28 cenvi510-storage river-flood-process[44528]: 2026-09-27 19:13:28 | INFO     | extract    | _resolve_forecast_path:111   | Forecast file found: /usr/var/cache/glofas/glofas_areagrid_for_Phillippines_in_Phillippines_2026092700.nc
Sep 27 19:13:28 cenvi510-storage river-flood-process[44528]: 2026-09-27 19:13:28 | INFO     | extract    | _load_oep_thresholds:130     | Loading OEP thresholds from /opt/river-flood-workflow/config/risk_profiles/bicol_oep_curves_all_units.json (oep_min=100)
Sep 27 19:13:28 cenvi510-storage river-flood-process[44528]: 2026-09-27 19:13:28 | INFO     | extract    | _load_oep_thresholds:168     | OEP thresholds loaded: 138 units with valid thresholds (from 139 total, oep_min=100)
Sep 27 19:13:28 cenvi510-storage river-flood-process[44528]: 2026-09-27 19:13:28 | INFO     | extract    | _filter_units_by_target_adm2:243 | Target ADM2 filtering complete for basin 'bicol': 138 -> 35 units (targets=1)
Sep 27 19:13:28 cenvi510-storage river-flood-process[44528]: 2026-09-27 19:13:28 | INFO     | forecast   | forecast:59                  | Starting evaluation — basin='bicol', issue_date=2026-09-27
Sep 27 19:13:28 cenvi510-storage river-flood-process[44528]: 2026-09-27 19:13:28 | INFO     | forecast   | detect_flood_events:1318     | Detect phase (detect_flood_events) — basin='bicol', issue_date=2026-09-27, leads=[1, 2, 3, 4, 5], t0_years=2.0, a_min_km2=100
Sep 27 19:13:28 cenvi510-storage river-flood-process[44528]: 2026-09-27 19:13:28 | INFO     | forecast   | detect_flood_events:1357     | EVT1 params loaded: 137 cells for basin 'bicol'
Sep 27 19:13:33 cenvi510-storage river-flood-process[44528]: 2026-09-27 19:13:33 | INFO     | forecast   | _open_forecast_source:891    | Forecast source opened: 1 files, time_dim='time', member_dim='member', indexed_members=51
Sep 27 19:13:34 cenvi510-storage river-flood-process[44528]: 2026-09-27 19:13:34 | INFO     | forecast   | detect_flood_events:1455     | Lead  1d: 0/51 flood members, 0 qualifying patches
Sep 27 19:13:35 cenvi510-storage river-flood-process[44528]: 2026-09-27 19:13:35 | INFO     | forecast   | detect_flood_events:1455     | Lead  2d: 0/51 flood members, 0 qualifying patches
Sep 27 19:13:37 cenvi510-storage river-flood-process[44528]: 2026-09-27 19:13:37 | INFO     | forecast   | detect_flood_events:1455     | Lead  3d: 0/51 flood members, 0 qualifying patches
Sep 27 19:13:39 cenvi510-storage river-flood-process[44528]: 2026-09-27 19:13:39 | INFO     | forecast   | detect_flood_events:1455     | Lead  4d: 0/51 flood members, 0 qualifying patches
Sep 27 19:13:42 cenvi510-storage river-flood-process[44528]: 2026-09-27 19:13:42 | INFO     | forecast   | detect_flood_events:1455     | Lead  5d: 0/51 flood members, 0 qualifying patches
Sep 27 19:13:42 cenvi510-storage river-flood-process[44528]: 2026-09-27 19:13:42 | INFO     | forecast   | detect_flood_events:1537     | Detect phase complete — 138 units, 5 lead days, 51 members
Sep 27 19:13:42 cenvi510-storage river-flood-process[44528]: 2026-09-27 19:13:42 | INFO     | forecast   | forecast:77                  | Detection mode complete — impact cube has 138 units
Sep 27 19:13:42 cenvi510-storage river-flood-process[44528]: 2026-09-27 19:13:42 | INFO     | forecast   | _aggregate_adm3_impacts_to_adm2:181 | ADM2 aggregation complete: 34 ADM3 units rolled up into parent ADM2 impact totals
Sep 27 19:13:42 cenvi510-storage river-flood-process[44528]: 2026-09-27 19:13:42 | INFO     | forecast   | _compute_prob_exceed:1562    | Computing exceedance probabilities: 138 cube units, 51 ensemble members
Sep 27 19:13:42 cenvi510-storage river-flood-process[44528]: 2026-09-27 19:13:42 | INFO     | forecast   | _compute_prob_exceed:1581    | Exceedance probabilities computed for 35 qualifying units
Sep 27 19:13:42 cenvi510-storage river-flood-process[44528]: 2026-09-27 19:13:42 | INFO     | forecast   | _apply_tier_rules:210        | Applying 3 tier rules to 35 units (persist_days=2, min_lead=1)
Sep 27 19:13:42 cenvi510-storage river-flood-process[44528]: 2026-09-27 19:13:42 | INFO     | forecast   | _apply_tier_rules:305        | Tier evaluation complete: 35 units, 0 tier decisions fired, 35 units below oep_min=100
Sep 27 19:13:42 cenvi510-storage river-flood-process[44528]: 2026-09-27 19:13:42 | INFO     | forecast   | forecast:96                  | Evaluation complete — basin='bicol', 35 units evaluated
Sep 27 19:13:42 cenvi510-storage river-flood-process[44528]: 2026-09-27 19:13:42 | INFO     | save       | save:37                      | Writing output: 2 basins, format=csv, dir=/opt/river-flood-workflow/data/gold/trigger_decisions/2026-09-27
Sep 27 19:13:42 cenvi510-storage river-flood-process[44528]: 2026-09-27 19:13:42 | INFO     | save       | _save_activation_decisions:222 | Activation file written: /opt/river-flood-workflow/data/gold/trigger_decisions/2026-09-27/activation_2026-09-27_20260927T111342Z.csv
Sep 27 19:13:42 cenvi510-storage river-flood-process[44528]: 2026-09-27 19:13:42 | INFO     | save       | _save_operational_information:235 | Operational information file written: /opt/river-flood-workflow/data/gold/trigger_decisions/2026-09-27/operational_information_2026-09-27_20260927T111342Z.csv
Sep 27 19:13:42 cenvi510-storage river-flood-process[44528]: 2026-09-27 19:13:42 | INFO     | save       | save:79                      | No activated tiers found; skipping decision summary file
Sep 27 19:13:42 cenvi510-storage river-flood-process[44528]: 2026-09-27 19:13:42 | INFO     | save       | _prepare_trigger_decisions_for_plotting:282 | Skipping map plotting: no activated rows in CSV
Sep 27 19:13:42 cenvi510-storage river-flood-process[44528]: 2026-09-27 19:13:42 | INFO     | save       | _save_maps:545               | Map files saved: 0 map(s) written to /opt/river-flood-workflow/data/gold/trigger_decisions/2026-09-27/maps
Sep 27 19:13:42 cenvi510-storage river-flood-process[44528]: 2026-09-27 19:13:42 | INFO     | pipeline   | run_daily_monitoring:127     | run_daily_monitoring complete — 2 basins, 0 tier fires, activation=/opt/river-flood-workflow/data/gold/trigger_decisions/2026-09-27/activation_2026-09-27_20260927T111342Z.csv, operational_information=/opt/river-flood-workflow/data/gold/trigger_decisions/2026-09-27/operational_information_2026-09-27_20260927T111342Z.csv
Sep 27 19:13:42 cenvi510-storage river-flood-process[44528]: 2026-09-27 19:13:42 | INFO     | cli        | main:80                      | Daily ETL complete: 2 basins, 60 units, 0 fired tier decisions. Output: /opt/river-flood-workflow/data/gold/trigger_decisions/2026-09-27/operational_information_2026-09-27_20260927T111342Z.csv
Sep 27 19:13:43 cenvi510-storage river-flood-process[44526]: No alert requested.
Sep 27 19:13:43 cenvi510-storage systemd[1]: river-flood-process.service: Deactivated successfully.
Sep 27 19:13:43 cenvi510-storage systemd[1]: Finished river-flood-process.service - Process GloFAS data for river flood workflow.
Sep 27 19:13:43 cenvi510-storage systemd[1]: river-flood-process.service: Consumed 32.537s CPU time.
Sep 28 18:30:32 cenvi510-storage systemd[1]: Starting glofas-fetch.service - Fetch GloFAS via lftp...
Sep 28 19:17:23 cenvi510-storage systemd[1]: glofas-fetch.service: Deactivated successfully.
Sep 28 19:17:23 cenvi510-storage systemd[1]: Finished glofas-fetch.service - Fetch GloFAS via lftp.
Sep 28 19:17:23 cenvi510-storage systemd[1]: glofas-fetch.service: Consumed 6.876s CPU time.
Sep 28 19:17:23 cenvi510-storage systemd[1]: Starting river-flood-process.service - Process GloFAS data for river flood workflow...
Sep 28 19:17:24 cenvi510-storage river-flood-process[53120]: 2026-09-28 19:17:24 | INFO     | pipeline   | run_daily_monitoring:60      | run_daily_monitoring started — run='daily_flood_monitoring', issue_date=2026-09-28, basins=2, steps=[extract=True, forecast=True, save=True], log=/var/log/river-flood-workflow/2026/09/daily_flood_monitoring_20260928T191724.txt
Sep 28 19:17:24 cenvi510-storage river-flood-process[53120]: 2026-09-28 19:17:24 | INFO     | extract    | extract:31                   | Processing basin 'cagayan'
Sep 28 19:17:24 cenvi510-storage river-flood-process[53120]: 2026-09-28 19:17:24 | INFO     | extract    | _resolve_forecast_path:109   | Checking forecast file: /usr/var/cache/glofas/glofas_areagrid_for_Phillippines_in_Phillippines_2026092800.nc
Sep 28 19:17:24 cenvi510-storage river-flood-process[53120]: 2026-09-28 19:17:24 | INFO     | extract    | _resolve_forecast_path:111   | Forecast file found: /usr/var/cache/glofas/glofas_areagrid_for_Phillippines_in_Phillippines_2026092800.nc
Sep 28 19:17:24 cenvi510-storage river-flood-process[53120]: 2026-09-28 19:17:24 | INFO     | extract    | _load_oep_thresholds:130     | Loading OEP thresholds from /opt/river-flood-workflow/config/risk_profiles/cagayan_oep_curves_all_units.json (oep_min=100)
Sep 28 19:17:24 cenvi510-storage river-flood-process[53120]: 2026-09-28 19:17:24 | INFO     | extract    | _load_oep_thresholds:168     | OEP thresholds loaded: 337 units with valid thresholds (from 338 total, oep_min=100)
Sep 28 19:17:24 cenvi510-storage river-flood-process[53120]: 2026-09-28 19:17:24 | INFO     | extract    | _filter_units_by_target_adm2:243 | Target ADM2 filtering complete for basin 'cagayan': 337 -> 25 units (targets=1)
Sep 28 19:17:24 cenvi510-storage river-flood-process[53120]: 2026-09-28 19:17:24 | INFO     | forecast   | forecast:59                  | Starting evaluation — basin='cagayan', issue_date=2026-09-28
Sep 28 19:17:24 cenvi510-storage river-flood-process[53120]: 2026-09-28 19:17:24 | INFO     | forecast   | detect_flood_events:1318     | Detect phase (detect_flood_events) — basin='cagayan', issue_date=2026-09-28, leads=[1, 2, 3, 4, 5], t0_years=2.0, a_min_km2=100
Sep 28 19:17:24 cenvi510-storage river-flood-process[53120]: 2026-09-28 19:17:24 | INFO     | forecast   | detect_flood_events:1357     | EVT1 params loaded: 1024 cells for basin 'cagayan'
Sep 28 19:17:30 cenvi510-storage river-flood-process[53120]: /opt/river-flood-workflow/.venv/lib/python3.11/site-packages/xarray/backends/plugins.py:109: RuntimeWarning: Engine 'cfgrib' loading failed:
Sep 28 19:17:30 cenvi510-storage river-flood-process[53120]: Cannot find the ecCodes library
Sep 28 19:17:30 cenvi510-storage river-flood-process[53120]:   external_backend_entrypoints = backends_dict_from_pkg(entrypoints_unique)
Sep 28 19:17:31 cenvi510-storage river-flood-process[53120]: 2026-09-28 19:17:31 | INFO     | forecast   | _open_forecast_source:891    | Forecast source opened: 1 files, time_dim='time', member_dim='member', indexed_members=51
Sep 28 19:17:32 cenvi510-storage river-flood-process[53120]: 2026-09-28 19:17:32 | INFO     | forecast   | detect_flood_events:1455     | Lead  1d: 0/51 flood members, 0 qualifying patches
Sep 28 19:17:33 cenvi510-storage river-flood-process[53120]: 2026-09-28 19:17:33 | INFO     | forecast   | detect_flood_events:1455     | Lead  2d: 0/51 flood members, 0 qualifying patches
Sep 28 19:17:35 cenvi510-storage river-flood-process[53120]: 2026-09-28 19:17:35 | INFO     | forecast   | detect_flood_events:1455     | Lead  3d: 0/51 flood members, 0 qualifying patches
Sep 28 19:17:37 cenvi510-storage river-flood-process[53120]: 2026-09-28 19:17:37 | INFO     | forecast   | detect_flood_events:1455     | Lead  4d: 0/51 flood members, 0 qualifying patches
Sep 28 19:17:40 cenvi510-storage river-flood-process[53120]: 2026-09-28 19:17:40 | INFO     | forecast   | detect_flood_events:1455     | Lead  5d: 0/51 flood members, 0 qualifying patches
Sep 28 19:17:40 cenvi510-storage river-flood-process[53120]: 2026-09-28 19:17:40 | INFO     | forecast   | detect_flood_events:1537     | Detect phase complete — 337 units, 5 lead days, 51 members
Sep 28 19:17:40 cenvi510-storage river-flood-process[53120]: 2026-09-28 19:17:40 | INFO     | forecast   | forecast:77                  | Detection mode complete — impact cube has 337 units
Sep 28 19:17:40 cenvi510-storage river-flood-process[53120]: 2026-09-28 19:17:40 | INFO     | forecast   | _aggregate_adm3_impacts_to_adm2:181 | ADM2 aggregation complete: 24 ADM3 units rolled up into parent ADM2 impact totals
Sep 28 19:17:40 cenvi510-storage river-flood-process[53120]: 2026-09-28 19:17:40 | INFO     | forecast   | _compute_prob_exceed:1562    | Computing exceedance probabilities: 337 cube units, 51 ensemble members
Sep 28 19:17:40 cenvi510-storage river-flood-process[53120]: 2026-09-28 19:17:40 | INFO     | forecast   | _compute_prob_exceed:1581    | Exceedance probabilities computed for 25 qualifying units
Sep 28 19:17:40 cenvi510-storage river-flood-process[53120]: 2026-09-28 19:17:40 | INFO     | forecast   | _apply_tier_rules:210        | Applying 3 tier rules to 25 units (persist_days=2, min_lead=1)
Sep 28 19:17:40 cenvi510-storage river-flood-process[53120]: 2026-09-28 19:17:40 | INFO     | forecast   | _apply_tier_rules:305        | Tier evaluation complete: 25 units, 0 tier decisions fired, 1 units below oep_min=100
Sep 28 19:17:40 cenvi510-storage river-flood-process[53120]: 2026-09-28 19:17:40 | INFO     | forecast   | forecast:96                  | Evaluation complete — basin='cagayan', 25 units evaluated
Sep 28 19:17:40 cenvi510-storage river-flood-process[53120]: 2026-09-28 19:17:40 | INFO     | extract    | extract:31                   | Processing basin 'bicol'
Sep 28 19:17:40 cenvi510-storage river-flood-process[53120]: 2026-09-28 19:17:40 | INFO     | extract    | _resolve_forecast_path:109   | Checking forecast file: /usr/var/cache/glofas/glofas_areagrid_for_Phillippines_in_Phillippines_2026092800.nc
Sep 28 19:17:40 cenvi510-storage river-flood-process[53120]: 2026-09-28 19:17:40 | INFO     | extract    | _resolve_forecast_path:111   | Forecast file found: /usr/var/cache/glofas/glofas_areagrid_for_Phillippines_in_Phillippines_2026092800.nc
Sep 28 19:17:40 cenvi510-storage river-flood-process[53120]: 2026-09-28 19:17:40 | INFO     | extract    | _load_oep_thresholds:130     | Loading OEP thresholds from /opt/river-flood-workflow/config/risk_profiles/bicol_oep_curves_all_units.json (oep_min=100)
Sep 28 19:17:40 cenvi510-storage river-flood-process[53120]: 2026-09-28 19:17:40 | INFO     | extract    | _load_oep_thresholds:168     | OEP thresholds loaded: 138 units with valid thresholds (from 139 total, oep_min=100)
Sep 28 19:17:41 cenvi510-storage river-flood-process[53120]: 2026-09-28 19:17:41 | INFO     | extract    | _filter_units_by_target_adm2:243 | Target ADM2 filtering complete for basin 'bicol': 138 -> 35 units (targets=1)
Sep 28 19:17:41 cenvi510-storage river-flood-process[53120]: 2026-09-28 19:17:41 | INFO     | forecast   | forecast:59                  | Starting evaluation — basin='bicol', issue_date=2026-09-28
Sep 28 19:17:41 cenvi510-storage river-flood-process[53120]: 2026-09-28 19:17:41 | INFO     | forecast   | detect_flood_events:1318     | Detect phase (detect_flood_events) — basin='bicol', issue_date=2026-09-28, leads=[1, 2, 3, 4, 5], t0_years=2.0, a_min_km2=100
Sep 28 19:17:41 cenvi510-storage river-flood-process[53120]: 2026-09-28 19:17:41 | INFO     | forecast   | detect_flood_events:1357     | EVT1 params loaded: 137 cells for basin 'bicol'
Sep 28 19:17:46 cenvi510-storage river-flood-process[53120]: 2026-09-28 19:17:46 | INFO     | forecast   | _open_forecast_source:891    | Forecast source opened: 1 files, time_dim='time', member_dim='member', indexed_members=51
Sep 28 19:17:47 cenvi510-storage river-flood-process[53120]: 2026-09-28 19:17:47 | INFO     | forecast   | detect_flood_events:1455     | Lead  1d: 0/51 flood members, 0 qualifying patches
Sep 28 19:17:48 cenvi510-storage river-flood-process[53120]: 2026-09-28 19:17:48 | INFO     | forecast   | detect_flood_events:1455     | Lead  2d: 0/51 flood members, 0 qualifying patches
Sep 28 19:17:50 cenvi510-storage river-flood-process[53120]: 2026-09-28 19:17:50 | INFO     | forecast   | detect_flood_events:1455     | Lead  3d: 0/51 flood members, 0 qualifying patches
Sep 28 19:17:52 cenvi510-storage river-flood-process[53120]: 2026-09-28 19:17:52 | INFO     | forecast   | detect_flood_events:1455     | Lead  4d: 0/51 flood members, 0 qualifying patches
Sep 28 19:17:55 cenvi510-storage river-flood-process[53120]: 2026-09-28 19:17:55 | INFO     | forecast   | detect_flood_events:1455     | Lead  5d: 0/51 flood members, 0 qualifying patches
Sep 28 19:17:55 cenvi510-storage river-flood-process[53120]: 2026-09-28 19:17:55 | INFO     | forecast   | detect_flood_events:1537     | Detect phase complete — 138 units, 5 lead days, 51 members
Sep 28 19:17:55 cenvi510-storage river-flood-process[53120]: 2026-09-28 19:17:55 | INFO     | forecast   | forecast:77                  | Detection mode complete — impact cube has 138 units
Sep 28 19:17:55 cenvi510-storage river-flood-process[53120]: 2026-09-28 19:17:55 | INFO     | forecast   | _aggregate_adm3_impacts_to_adm2:181 | ADM2 aggregation complete: 34 ADM3 units rolled up into parent ADM2 impact totals
Sep 28 19:17:55 cenvi510-storage river-flood-process[53120]: 2026-09-28 19:17:55 | INFO     | forecast   | _compute_prob_exceed:1562    | Computing exceedance probabilities: 138 cube units, 51 ensemble members
Sep 28 19:17:55 cenvi510-storage river-flood-process[53120]: 2026-09-28 19:17:55 | INFO     | forecast   | _compute_prob_exceed:1581    | Exceedance probabilities computed for 35 qualifying units
Sep 28 19:17:55 cenvi510-storage river-flood-process[53120]: 2026-09-28 19:17:55 | INFO     | forecast   | _apply_tier_rules:210        | Applying 3 tier rules to 35 units (persist_days=2, min_lead=1)
Sep 28 19:17:55 cenvi510-storage river-flood-process[53120]: 2026-09-28 19:17:55 | INFO     | forecast   | _apply_tier_rules:305        | Tier evaluation complete: 35 units, 0 tier decisions fired, 35 units below oep_min=100
Sep 28 19:17:55 cenvi510-storage river-flood-process[53120]: 2026-09-28 19:17:55 | INFO     | forecast   | forecast:96                  | Evaluation complete — basin='bicol', 35 units evaluated
Sep 28 19:17:55 cenvi510-storage river-flood-process[53120]: 2026-09-28 19:17:55 | INFO     | save       | save:37                      | Writing output: 2 basins, format=csv, dir=/opt/river-flood-workflow/data/gold/trigger_decisions/2026-09-28
Sep 28 19:17:55 cenvi510-storage river-flood-process[53120]: 2026-09-28 19:17:55 | INFO     | save       | _save_activation_decisions:222 | Activation file written: /opt/river-flood-workflow/data/gold/trigger_decisions/2026-09-28/activation_2026-09-28_20260928T111755Z.csv
Sep 28 19:17:55 cenvi510-storage river-flood-process[53120]: 2026-09-28 19:17:55 | INFO     | save       | _save_operational_information:235 | Operational information file written: /opt/river-flood-workflow/data/gold/trigger_decisions/2026-09-28/operational_information_2026-09-28_20260928T111755Z.csv
Sep 28 19:17:55 cenvi510-storage river-flood-process[53120]: 2026-09-28 19:17:55 | INFO     | save       | save:79                      | No activated tiers found; skipping decision summary file
Sep 28 19:17:55 cenvi510-storage river-flood-process[53120]: 2026-09-28 19:17:55 | INFO     | save       | _prepare_trigger_decisions_for_plotting:282 | Skipping map plotting: no activated rows in CSV
Sep 28 19:17:55 cenvi510-storage river-flood-process[53120]: 2026-09-28 19:17:55 | INFO     | save       | _save_maps:545               | Map files saved: 0 map(s) written to /opt/river-flood-workflow/data/gold/trigger_decisions/2026-09-28/maps
Sep 28 19:17:55 cenvi510-storage river-flood-process[53120]: 2026-09-28 19:17:55 | INFO     | pipeline   | run_daily_monitoring:127     | run_daily_monitoring complete — 2 basins, 0 tier fires, activation=/opt/river-flood-workflow/data/gold/trigger_decisions/2026-09-28/activation_2026-09-28_20260928T111755Z.csv, operational_information=/opt/river-flood-workflow/data/gold/trigger_decisions/2026-09-28/operational_information_2026-09-28_20260928T111755Z.csv
Sep 28 19:17:55 cenvi510-storage river-flood-process[53120]: 2026-09-28 19:17:55 | INFO     | cli        | main:80                      | Daily ETL complete: 2 basins, 60 units, 0 fired tier decisions. Output: /opt/river-flood-workflow/data/gold/trigger_decisions/2026-09-28/operational_information_2026-09-28_20260928T111755Z.csv
Sep 28 19:17:56 cenvi510-storage river-flood-process[53118]: No alert requested.
Sep 28 19:17:56 cenvi510-storage systemd[1]: river-flood-process.service: Deactivated successfully.
Sep 28 19:17:56 cenvi510-storage systemd[1]: Finished river-flood-process.service - Process GloFAS data for river flood workflow.
Sep 28 19:17:56 cenvi510-storage systemd[1]: river-flood-process.service: Consumed 33.155s CPU time.
Sep 29 18:30:12 cenvi510-storage systemd[1]: Starting glofas-fetch.service - Fetch GloFAS via lftp...
Sep 29 18:47:37 cenvi510-storage systemd[1]: glofas-fetch.service: Deactivated successfully.
Sep 29 18:47:37 cenvi510-storage systemd[1]: Finished glofas-fetch.service - Fetch GloFAS via lftp.
Sep 29 18:47:37 cenvi510-storage systemd[1]: glofas-fetch.service: Consumed 4.661s CPU time.
Sep 29 18:47:37 cenvi510-storage systemd[1]: Starting river-flood-process.service - Process GloFAS data for river flood workflow...
Sep 29 18:47:38 cenvi510-storage river-flood-process[62016]: 2026-09-29 18:47:38 | INFO     | pipeline   | run_daily_monitoring:60      | run_daily_monitoring started — run='daily_flood_monitoring', issue_date=2026-09-29, basins=2, steps=[extract=True, forecast=True, save=True], log=/var/log/river-flood-workflow/2026/09/daily_flood_monitoring_20260929T184738.txt
Sep 29 18:47:38 cenvi510-storage river-flood-process[62016]: 2026-09-29 18:47:38 | INFO     | extract    | extract:31                   | Processing basin 'cagayan'
Sep 29 18:47:38 cenvi510-storage river-flood-process[62016]: 2026-09-29 18:47:38 | INFO     | extract    | _resolve_forecast_path:109   | Checking forecast file: /usr/var/cache/glofas/glofas_areagrid_for_Phillippines_in_Phillippines_2026092900.nc
Sep 29 18:47:38 cenvi510-storage river-flood-process[62016]: 2026-09-29 18:47:38 | INFO     | extract    | _resolve_forecast_path:111   | Forecast file found: /usr/var/cache/glofas/glofas_areagrid_for_Phillippines_in_Phillippines_2026092900.nc
Sep 29 18:47:38 cenvi510-storage river-flood-process[62016]: 2026-09-29 18:47:38 | INFO     | extract    | _load_oep_thresholds:130     | Loading OEP thresholds from /opt/river-flood-workflow/config/risk_profiles/cagayan_oep_curves_all_units.json (oep_min=100)
Sep 29 18:47:38 cenvi510-storage river-flood-process[62016]: 2026-09-29 18:47:38 | INFO     | extract    | _load_oep_thresholds:168     | OEP thresholds loaded: 337 units with valid thresholds (from 338 total, oep_min=100)
Sep 29 18:47:38 cenvi510-storage river-flood-process[62016]: 2026-09-29 18:47:38 | INFO     | extract    | _filter_units_by_target_adm2:243 | Target ADM2 filtering complete for basin 'cagayan': 337 -> 25 units (targets=1)
Sep 29 18:47:38 cenvi510-storage river-flood-process[62016]: 2026-09-29 18:47:38 | INFO     | forecast   | forecast:59                  | Starting evaluation — basin='cagayan', issue_date=2026-09-29
Sep 29 18:47:38 cenvi510-storage river-flood-process[62016]: 2026-09-29 18:47:38 | INFO     | forecast   | detect_flood_events:1318     | Detect phase (detect_flood_events) — basin='cagayan', issue_date=2026-09-29, leads=[1, 2, 3, 4, 5], t0_years=2.0, a_min_km2=100
Sep 29 18:47:38 cenvi510-storage river-flood-process[62016]: 2026-09-29 18:47:38 | INFO     | forecast   | detect_flood_events:1357     | EVT1 params loaded: 1024 cells for basin 'cagayan'
Sep 29 18:47:44 cenvi510-storage river-flood-process[62016]: /opt/river-flood-workflow/.venv/lib/python3.11/site-packages/xarray/backends/plugins.py:109: RuntimeWarning: Engine 'cfgrib' loading failed:
Sep 29 18:47:44 cenvi510-storage river-flood-process[62016]: Cannot find the ecCodes library
Sep 29 18:47:44 cenvi510-storage river-flood-process[62016]:   external_backend_entrypoints = backends_dict_from_pkg(entrypoints_unique)
Sep 29 18:47:45 cenvi510-storage river-flood-process[62016]: 2026-09-29 18:47:45 | INFO     | forecast   | _open_forecast_source:891    | Forecast source opened: 1 files, time_dim='time', member_dim='member', indexed_members=51
Sep 29 18:47:46 cenvi510-storage river-flood-process[62016]: 2026-09-29 18:47:46 | INFO     | forecast   | detect_flood_events:1455     | Lead  1d: 0/51 flood members, 0 qualifying patches
Sep 29 18:47:47 cenvi510-storage river-flood-process[62016]: 2026-09-29 18:47:47 | INFO     | forecast   | detect_flood_events:1455     | Lead  2d: 0/51 flood members, 0 qualifying patches
Sep 29 18:47:49 cenvi510-storage river-flood-process[62016]: 2026-09-29 18:47:49 | INFO     | forecast   | detect_flood_events:1455     | Lead  3d: 0/51 flood members, 0 qualifying patches
Sep 29 18:47:51 cenvi510-storage river-flood-process[62016]: 2026-09-29 18:47:51 | INFO     | forecast   | detect_flood_events:1455     | Lead  4d: 0/51 flood members, 0 qualifying patches
Sep 29 18:47:54 cenvi510-storage river-flood-process[62016]: 2026-09-29 18:47:54 | INFO     | forecast   | detect_flood_events:1455     | Lead  5d: 0/51 flood members, 0 qualifying patches
Sep 29 18:47:54 cenvi510-storage river-flood-process[62016]: 2026-09-29 18:47:54 | INFO     | forecast   | detect_flood_events:1537     | Detect phase complete — 337 units, 5 lead days, 51 members
Sep 29 18:47:54 cenvi510-storage river-flood-process[62016]: 2026-09-29 18:47:54 | INFO     | forecast   | forecast:77                  | Detection mode complete — impact cube has 337 units
Sep 29 18:47:54 cenvi510-storage river-flood-process[62016]: 2026-09-29 18:47:54 | INFO     | forecast   | _aggregate_adm3_impacts_to_adm2:181 | ADM2 aggregation complete: 24 ADM3 units rolled up into parent ADM2 impact totals
Sep 29 18:47:54 cenvi510-storage river-flood-process[62016]: 2026-09-29 18:47:54 | INFO     | forecast   | _compute_prob_exceed:1562    | Computing exceedance probabilities: 337 cube units, 51 ensemble members
Sep 29 18:47:54 cenvi510-storage river-flood-process[62016]: 2026-09-29 18:47:54 | INFO     | forecast   | _compute_prob_exceed:1581    | Exceedance probabilities computed for 25 qualifying units
Sep 29 18:47:54 cenvi510-storage river-flood-process[62016]: 2026-09-29 18:47:54 | INFO     | forecast   | _apply_tier_rules:210        | Applying 3 tier rules to 25 units (persist_days=2, min_lead=1)
Sep 29 18:47:54 cenvi510-storage river-flood-process[62016]: 2026-09-29 18:47:54 | INFO     | forecast   | _apply_tier_rules:305        | Tier evaluation complete: 25 units, 0 tier decisions fired, 1 units below oep_min=100
Sep 29 18:47:54 cenvi510-storage river-flood-process[62016]: 2026-09-29 18:47:54 | INFO     | forecast   | forecast:96                  | Evaluation complete — basin='cagayan', 25 units evaluated
Sep 29 18:47:54 cenvi510-storage river-flood-process[62016]: 2026-09-29 18:47:54 | INFO     | extract    | extract:31                   | Processing basin 'bicol'
Sep 29 18:47:54 cenvi510-storage river-flood-process[62016]: 2026-09-29 18:47:54 | INFO     | extract    | _resolve_forecast_path:109   | Checking forecast file: /usr/var/cache/glofas/glofas_areagrid_for_Phillippines_in_Phillippines_2026092900.nc
Sep 29 18:47:54 cenvi510-storage river-flood-process[62016]: 2026-09-29 18:47:54 | INFO     | extract    | _resolve_forecast_path:111   | Forecast file found: /usr/var/cache/glofas/glofas_areagrid_for_Phillippines_in_Phillippines_2026092900.nc
Sep 29 18:47:54 cenvi510-storage river-flood-process[62016]: 2026-09-29 18:47:54 | INFO     | extract    | _load_oep_thresholds:130     | Loading OEP thresholds from /opt/river-flood-workflow/config/risk_profiles/bicol_oep_curves_all_units.json (oep_min=100)
Sep 29 18:47:54 cenvi510-storage river-flood-process[62016]: 2026-09-29 18:47:54 | INFO     | extract    | _load_oep_thresholds:168     | OEP thresholds loaded: 138 units with valid thresholds (from 139 total, oep_min=100)
Sep 29 18:47:55 cenvi510-storage river-flood-process[62016]: 2026-09-29 18:47:55 | INFO     | extract    | _filter_units_by_target_adm2:243 | Target ADM2 filtering complete for basin 'bicol': 138 -> 35 units (targets=1)
Sep 29 18:47:55 cenvi510-storage river-flood-process[62016]: 2026-09-29 18:47:55 | INFO     | forecast   | forecast:59                  | Starting evaluation — basin='bicol', issue_date=2026-09-29
Sep 29 18:47:55 cenvi510-storage river-flood-process[62016]: 2026-09-29 18:47:55 | INFO     | forecast   | detect_flood_events:1318     | Detect phase (detect_flood_events) — basin='bicol', issue_date=2026-09-29, leads=[1, 2, 3, 4, 5], t0_years=2.0, a_min_km2=100
Sep 29 18:47:55 cenvi510-storage river-flood-process[62016]: 2026-09-29 18:47:55 | INFO     | forecast   | detect_flood_events:1357     | EVT1 params loaded: 137 cells for basin 'bicol'
Sep 29 18:48:00 cenvi510-storage river-flood-process[62016]: 2026-09-29 18:48:00 | INFO     | forecast   | _open_forecast_source:891    | Forecast source opened: 1 files, time_dim='time', member_dim='member', indexed_members=51
Sep 29 18:48:01 cenvi510-storage river-flood-process[62016]: 2026-09-29 18:48:01 | INFO     | forecast   | detect_flood_events:1455     | Lead  1d: 0/51 flood members, 0 qualifying patches
Sep 29 18:48:02 cenvi510-storage river-flood-process[62016]: 2026-09-29 18:48:02 | INFO     | forecast   | detect_flood_events:1455     | Lead  2d: 0/51 flood members, 0 qualifying patches
Sep 29 18:48:04 cenvi510-storage river-flood-process[62016]: 2026-09-29 18:48:04 | INFO     | forecast   | detect_flood_events:1455     | Lead  3d: 0/51 flood members, 0 qualifying patches
Sep 29 18:48:06 cenvi510-storage river-flood-process[62016]: 2026-09-29 18:48:06 | INFO     | forecast   | detect_flood_events:1455     | Lead  4d: 0/51 flood members, 0 qualifying patches
Sep 29 18:48:09 cenvi510-storage river-flood-process[62016]: 2026-09-29 18:48:09 | INFO     | forecast   | detect_flood_events:1455     | Lead  5d: 0/51 flood members, 0 qualifying patches
Sep 29 18:48:09 cenvi510-storage river-flood-process[62016]: 2026-09-29 18:48:09 | INFO     | forecast   | detect_flood_events:1537     | Detect phase complete — 138 units, 5 lead days, 51 members
Sep 29 18:48:09 cenvi510-storage river-flood-process[62016]: 2026-09-29 18:48:09 | INFO     | forecast   | forecast:77                  | Detection mode complete — impact cube has 138 units
Sep 29 18:48:09 cenvi510-storage river-flood-process[62016]: 2026-09-29 18:48:09 | INFO     | forecast   | _aggregate_adm3_impacts_to_adm2:181 | ADM2 aggregation complete: 34 ADM3 units rolled up into parent ADM2 impact totals
Sep 29 18:48:09 cenvi510-storage river-flood-process[62016]: 2026-09-29 18:48:09 | INFO     | forecast   | _compute_prob_exceed:1562    | Computing exceedance probabilities: 138 cube units, 51 ensemble members
Sep 29 18:48:09 cenvi510-storage river-flood-process[62016]: 2026-09-29 18:48:09 | INFO     | forecast   | _compute_prob_exceed:1581    | Exceedance probabilities computed for 35 qualifying units
Sep 29 18:48:09 cenvi510-storage river-flood-process[62016]: 2026-09-29 18:48:09 | INFO     | forecast   | _apply_tier_rules:210        | Applying 3 tier rules to 35 units (persist_days=2, min_lead=1)
Sep 29 18:48:09 cenvi510-storage river-flood-process[62016]: 2026-09-29 18:48:09 | INFO     | forecast   | _apply_tier_rules:305        | Tier evaluation complete: 35 units, 0 tier decisions fired, 35 units below oep_min=100
Sep 29 18:48:09 cenvi510-storage river-flood-process[62016]: 2026-09-29 18:48:09 | INFO     | forecast   | forecast:96                  | Evaluation complete — basin='bicol', 35 units evaluated
Sep 29 18:48:09 cenvi510-storage river-flood-process[62016]: 2026-09-29 18:48:09 | INFO     | save       | save:37                      | Writing output: 2 basins, format=csv, dir=/opt/river-flood-workflow/data/gold/trigger_decisions/2026-09-29
Sep 29 18:48:09 cenvi510-storage river-flood-process[62016]: 2026-09-29 18:48:09 | INFO     | save       | _save_activation_decisions:222 | Activation file written: /opt/river-flood-workflow/data/gold/trigger_decisions/2026-09-29/activation_2026-09-29_20260929T104809Z.csv
Sep 29 18:48:09 cenvi510-storage river-flood-process[62016]: 2026-09-29 18:48:09 | INFO     | save       | _save_operational_information:235 | Operational information file written: /opt/river-flood-workflow/data/gold/trigger_decisions/2026-09-29/operational_information_2026-09-29_20260929T104809Z.csv
Sep 29 18:48:09 cenvi510-storage river-flood-process[62016]: 2026-09-29 18:48:09 | INFO     | save       | save:79                      | No activated tiers found; skipping decision summary file
Sep 29 18:48:09 cenvi510-storage river-flood-process[62016]: 2026-09-29 18:48:09 | INFO     | save       | _prepare_trigger_decisions_for_plotting:282 | Skipping map plotting: no activated rows in CSV
Sep 29 18:48:09 cenvi510-storage river-flood-process[62016]: 2026-09-29 18:48:09 | INFO     | save       | _save_maps:545               | Map files saved: 0 map(s) written to /opt/river-flood-workflow/data/gold/trigger_decisions/2026-09-29/maps
Sep 29 18:48:09 cenvi510-storage river-flood-process[62016]: 2026-09-29 18:48:09 | INFO     | pipeline   | run_daily_monitoring:127     | run_daily_monitoring complete — 2 basins, 0 tier fires, activation=/opt/river-flood-workflow/data/gold/trigger_decisions/2026-09-29/activation_2026-09-29_20260929T104809Z.csv, operational_information=/opt/river-flood-workflow/data/gold/trigger_decisions/2026-09-29/operational_information_2026-09-29_20260929T104809Z.csv
Sep 29 18:48:09 cenvi510-storage river-flood-process[62016]: 2026-09-29 18:48:09 | INFO     | cli        | main:80                      | Daily ETL complete: 2 basins, 60 units, 0 fired tier decisions. Output: /opt/river-flood-workflow/data/gold/trigger_decisions/2026-09-29/operational_information_2026-09-29_20260929T104809Z.csv
Sep 29 18:48:10 cenvi510-storage river-flood-process[62014]: No alert requested.
Sep 29 18:48:10 cenvi510-storage systemd[1]: river-flood-process.service: Deactivated successfully.
Sep 29 18:48:10 cenvi510-storage systemd[1]: Finished river-flood-process.service - Process GloFAS data for river flood workflow.
Sep 29 18:48:10 cenvi510-storage systemd[1]: river-flood-process.service: Consumed 33.400s CPU time.
Sep 30 18:30:01 cenvi510-storage systemd[1]: Starting glofas-fetch.service - Fetch GloFAS via lftp...
Sep 30 18:41:50 cenvi510-storage systemd[1]: glofas-fetch.service: Deactivated successfully.
Sep 30 18:41:50 cenvi510-storage systemd[1]: Finished glofas-fetch.service - Fetch GloFAS via lftp.
Sep 30 18:41:50 cenvi510-storage systemd[1]: glofas-fetch.service: Consumed 3.206s CPU time.
Sep 30 18:41:50 cenvi510-storage systemd[1]: Starting river-flood-process.service - Process GloFAS data for river flood workflow...
Sep 30 18:41:51 cenvi510-storage river-flood-process[71414]: 2026-09-30 18:41:51 | INFO     | pipeline   | run_daily_monitoring:60      | run_daily_monitoring started — run='daily_flood_monitoring', issue_date=2026-09-30, basins=2, steps=[extract=True, forecast=True, save=True], log=/var/log/river-flood-workflow/2026/09/daily_flood_monitoring_20260930T184151.txt
Sep 30 18:41:51 cenvi510-storage river-flood-process[71414]: 2026-09-30 18:41:51 | INFO     | extract    | extract:31                   | Processing basin 'cagayan'
Sep 30 18:41:51 cenvi510-storage river-flood-process[71414]: 2026-09-30 18:41:51 | INFO     | extract    | _resolve_forecast_path:109   | Checking forecast file: /usr/var/cache/glofas/glofas_areagrid_for_Phillippines_in_Phillippines_2026093000.nc
Sep 30 18:41:51 cenvi510-storage river-flood-process[71414]: 2026-09-30 18:41:51 | INFO     | extract    | _resolve_forecast_path:111   | Forecast file found: /usr/var/cache/glofas/glofas_areagrid_for_Phillippines_in_Phillippines_2026093000.nc
Sep 30 18:41:51 cenvi510-storage river-flood-process[71414]: 2026-09-30 18:41:51 | INFO     | extract    | _load_oep_thresholds:130     | Loading OEP thresholds from /opt/river-flood-workflow/config/risk_profiles/cagayan_oep_curves_all_units.json (oep_min=100)
Sep 30 18:41:51 cenvi510-storage river-flood-process[71414]: 2026-09-30 18:41:51 | INFO     | extract    | _load_oep_thresholds:168     | OEP thresholds loaded: 337 units with valid thresholds (from 338 total, oep_min=100)
Sep 30 18:41:51 cenvi510-storage river-flood-process[71414]: 2026-09-30 18:41:51 | INFO     | extract    | _filter_units_by_target_adm2:243 | Target ADM2 filtering complete for basin 'cagayan': 337 -> 25 units (targets=1)
Sep 30 18:41:51 cenvi510-storage river-flood-process[71414]: 2026-09-30 18:41:51 | INFO     | forecast   | forecast:59                  | Starting evaluation — basin='cagayan', issue_date=2026-09-30
Sep 30 18:41:51 cenvi510-storage river-flood-process[71414]: 2026-09-30 18:41:51 | INFO     | forecast   | detect_flood_events:1318     | Detect phase (detect_flood_events) — basin='cagayan', issue_date=2026-09-30, leads=[1, 2, 3, 4, 5], t0_years=2.0, a_min_km2=100
Sep 30 18:41:51 cenvi510-storage river-flood-process[71414]: 2026-09-30 18:41:51 | INFO     | forecast   | detect_flood_events:1357     | EVT1 params loaded: 1024 cells for basin 'cagayan'
Sep 30 18:41:57 cenvi510-storage river-flood-process[71414]: /opt/river-flood-workflow/.venv/lib/python3.11/site-packages/xarray/backends/plugins.py:109: RuntimeWarning: Engine 'cfgrib' loading failed:
Sep 30 18:41:57 cenvi510-storage river-flood-process[71414]: Cannot find the ecCodes library
Sep 30 18:41:57 cenvi510-storage river-flood-process[71414]:   external_backend_entrypoints = backends_dict_from_pkg(entrypoints_unique)
Sep 30 18:41:58 cenvi510-storage river-flood-process[71414]: 2026-09-30 18:41:58 | INFO     | forecast   | _open_forecast_source:891    | Forecast source opened: 1 files, time_dim='time', member_dim='member', indexed_members=51
Sep 30 18:41:59 cenvi510-storage river-flood-process[71414]: 2026-09-30 18:41:59 | INFO     | forecast   | detect_flood_events:1455     | Lead  1d: 0/51 flood members, 0 qualifying patches
Sep 30 18:42:00 cenvi510-storage river-flood-process[71414]: 2026-09-30 18:42:00 | INFO     | forecast   | detect_flood_events:1455     | Lead  2d: 0/51 flood members, 0 qualifying patches
Sep 30 18:42:02 cenvi510-storage river-flood-process[71414]: 2026-09-30 18:42:02 | INFO     | forecast   | detect_flood_events:1455     | Lead  3d: 0/51 flood members, 0 qualifying patches
Sep 30 18:42:04 cenvi510-storage river-flood-process[71414]: 2026-09-30 18:42:04 | INFO     | forecast   | detect_flood_events:1455     | Lead  4d: 0/51 flood members, 0 qualifying patches
Sep 30 18:42:07 cenvi510-storage river-flood-process[71414]: 2026-09-30 18:42:07 | INFO     | forecast   | detect_flood_events:1455     | Lead  5d: 0/51 flood members, 0 qualifying patches
Sep 30 18:42:07 cenvi510-storage river-flood-process[71414]: 2026-09-30 18:42:07 | INFO     | forecast   | detect_flood_events:1537     | Detect phase complete — 337 units, 5 lead days, 51 members
Sep 30 18:42:07 cenvi510-storage river-flood-process[71414]: 2026-09-30 18:42:07 | INFO     | forecast   | forecast:77                  | Detection mode complete — impact cube has 337 units
Sep 30 18:42:07 cenvi510-storage river-flood-process[71414]: 2026-09-30 18:42:07 | INFO     | forecast   | _aggregate_adm3_impacts_to_adm2:181 | ADM2 aggregation complete: 24 ADM3 units rolled up into parent ADM2 impact totals
Sep 30 18:42:07 cenvi510-storage river-flood-process[71414]: 2026-09-30 18:42:07 | INFO     | forecast   | _compute_prob_exceed:1562    | Computing exceedance probabilities: 337 cube units, 51 ensemble members
Sep 30 18:42:07 cenvi510-storage river-flood-process[71414]: 2026-09-30 18:42:07 | INFO     | forecast   | _compute_prob_exceed:1581    | Exceedance probabilities computed for 25 qualifying units
Sep 30 18:42:07 cenvi510-storage river-flood-process[71414]: 2026-09-30 18:42:07 | INFO     | forecast   | _apply_tier_rules:210        | Applying 3 tier rules to 25 units (persist_days=2, min_lead=1)
Sep 30 18:42:07 cenvi510-storage river-flood-process[71414]: 2026-09-30 18:42:07 | INFO     | forecast   | _apply_tier_rules:305        | Tier evaluation complete: 25 units, 0 tier decisions fired, 1 units below oep_min=100
Sep 30 18:42:07 cenvi510-storage river-flood-process[71414]: 2026-09-30 18:42:07 | INFO     | forecast   | forecast:96                  | Evaluation complete — basin='cagayan', 25 units evaluated
Sep 30 18:42:07 cenvi510-storage river-flood-process[71414]: 2026-09-30 18:42:07 | INFO     | extract    | extract:31                   | Processing basin 'bicol'
Sep 30 18:42:07 cenvi510-storage river-flood-process[71414]: 2026-09-30 18:42:07 | INFO     | extract    | _resolve_forecast_path:109   | Checking forecast file: /usr/var/cache/glofas/glofas_areagrid_for_Phillippines_in_Phillippines_2026093000.nc
Sep 30 18:42:07 cenvi510-storage river-flood-process[71414]: 2026-09-30 18:42:07 | INFO     | extract    | _resolve_forecast_path:111   | Forecast file found: /usr/var/cache/glofas/glofas_areagrid_for_Phillippines_in_Phillippines_2026093000.nc
Sep 30 18:42:07 cenvi510-storage river-flood-process[71414]: 2026-09-30 18:42:07 | INFO     | extract    | _load_oep_thresholds:130     | Loading OEP thresholds from /opt/river-flood-workflow/config/risk_profiles/bicol_oep_curves_all_units.json (oep_min=100)
Sep 30 18:42:07 cenvi510-storage river-flood-process[71414]: 2026-09-30 18:42:07 | INFO     | extract    | _load_oep_thresholds:168     | OEP thresholds loaded: 138 units with valid thresholds (from 139 total, oep_min=100)
Sep 30 18:42:08 cenvi510-storage river-flood-process[71414]: 2026-09-30 18:42:08 | INFO     | extract    | _filter_units_by_target_adm2:243 | Target ADM2 filtering complete for basin 'bicol': 138 -> 35 units (targets=1)
Sep 30 18:42:08 cenvi510-storage river-flood-process[71414]: 2026-09-30 18:42:08 | INFO     | forecast   | forecast:59                  | Starting evaluation — basin='bicol', issue_date=2026-09-30
Sep 30 18:42:08 cenvi510-storage river-flood-process[71414]: 2026-09-30 18:42:08 | INFO     | forecast   | detect_flood_events:1318     | Detect phase (detect_flood_events) — basin='bicol', issue_date=2026-09-30, leads=[1, 2, 3, 4, 5], t0_years=2.0, a_min_km2=100
Sep 30 18:42:08 cenvi510-storage river-flood-process[71414]: 2026-09-30 18:42:08 | INFO     | forecast   | detect_flood_events:1357     | EVT1 params loaded: 137 cells for basin 'bicol'
Sep 30 18:42:14 cenvi510-storage river-flood-process[71414]: 2026-09-30 18:42:14 | INFO     | forecast   | _open_forecast_source:891    | Forecast source opened: 1 files, time_dim='time', member_dim='member', indexed_members=51
Sep 30 18:42:14 cenvi510-storage river-flood-process[71414]: 2026-09-30 18:42:14 | INFO     | forecast   | detect_flood_events:1455     | Lead  1d: 0/51 flood members, 0 qualifying patches
Sep 30 18:42:15 cenvi510-storage river-flood-process[71414]: 2026-09-30 18:42:15 | INFO     | forecast   | detect_flood_events:1455     | Lead  2d: 0/51 flood members, 0 qualifying patches
Sep 30 18:42:17 cenvi510-storage river-flood-process[71414]: 2026-09-30 18:42:17 | INFO     | forecast   | detect_flood_events:1455     | Lead  3d: 0/51 flood members, 0 qualifying patches
Sep 30 18:42:20 cenvi510-storage river-flood-process[71414]: 2026-09-30 18:42:20 | INFO     | forecast   | detect_flood_events:1455     | Lead  4d: 0/51 flood members, 0 qualifying patches
Sep 30 18:42:23 cenvi510-storage river-flood-process[71414]: 2026-09-30 18:42:23 | INFO     | forecast   | detect_flood_events:1455     | Lead  5d: 0/51 flood members, 0 qualifying patches
Sep 30 18:42:23 cenvi510-storage river-flood-process[71414]: 2026-09-30 18:42:23 | INFO     | forecast   | detect_flood_events:1537     | Detect phase complete — 138 units, 5 lead days, 51 members
Sep 30 18:42:23 cenvi510-storage river-flood-process[71414]: 2026-09-30 18:42:23 | INFO     | forecast   | forecast:77                  | Detection mode complete — impact cube has 138 units
Sep 30 18:42:23 cenvi510-storage river-flood-process[71414]: 2026-09-30 18:42:23 | INFO     | forecast   | _aggregate_adm3_impacts_to_adm2:181 | ADM2 aggregation complete: 34 ADM3 units rolled up into parent ADM2 impact totals
Sep 30 18:42:23 cenvi510-storage river-flood-process[71414]: 2026-09-30 18:42:23 | INFO     | forecast   | _compute_prob_exceed:1562    | Computing exceedance probabilities: 138 cube units, 51 ensemble members
Sep 30 18:42:23 cenvi510-storage river-flood-process[71414]: 2026-09-30 18:42:23 | INFO     | forecast   | _compute_prob_exceed:1581    | Exceedance probabilities computed for 35 qualifying units
Sep 30 18:42:23 cenvi510-storage river-flood-process[71414]: 2026-09-30 18:42:23 | INFO     | forecast   | _apply_tier_rules:210        | Applying 3 tier rules to 35 units (persist_days=2, min_lead=1)
Sep 30 18:42:23 cenvi510-storage river-flood-process[71414]: 2026-09-30 18:42:23 | INFO     | forecast   | _apply_tier_rules:305        | Tier evaluation complete: 35 units, 0 tier decisions fired, 35 units below oep_min=100
Sep 30 18:42:23 cenvi510-storage river-flood-process[71414]: 2026-09-30 18:42:23 | INFO     | forecast   | forecast:96                  | Evaluation complete — basin='bicol', 35 units evaluated
Sep 30 18:42:23 cenvi510-storage river-flood-process[71414]: 2026-09-30 18:42:23 | INFO     | save       | save:37                      | Writing output: 2 basins, format=csv, dir=/opt/river-flood-workflow/data/gold/trigger_decisions/2026-09-30
Sep 30 18:42:23 cenvi510-storage river-flood-process[71414]: 2026-09-30 18:42:23 | INFO     | save       | _save_activation_decisions:222 | Activation file written: /opt/river-flood-workflow/data/gold/trigger_decisions/2026-09-30/activation_2026-09-30_20260930T104223Z.csv
Sep 30 18:42:23 cenvi510-storage river-flood-process[71414]: 2026-09-30 18:42:23 | INFO     | save       | _save_operational_information:235 | Operational information file written: /opt/river-flood-workflow/data/gold/trigger_decisions/2026-09-30/operational_information_2026-09-30_20260930T104223Z.csv
Sep 30 18:42:23 cenvi510-storage river-flood-process[71414]: 2026-09-30 18:42:23 | INFO     | save       | save:79                      | No activated tiers found; skipping decision summary file
Sep 30 18:42:23 cenvi510-storage river-flood-process[71414]: 2026-09-30 18:42:23 | INFO     | save       | _prepare_trigger_decisions_for_plotting:282 | Skipping map plotting: no activated rows in CSV
Sep 30 18:42:23 cenvi510-storage river-flood-process[71414]: 2026-09-30 18:42:23 | INFO     | save       | _save_maps:545               | Map files saved: 0 map(s) written to /opt/river-flood-workflow/data/gold/trigger_decisions/2026-09-30/maps
Sep 30 18:42:23 cenvi510-storage river-flood-process[71414]: 2026-09-30 18:42:23 | INFO     | pipeline   | run_daily_monitoring:127     | run_daily_monitoring complete — 2 basins, 0 tier fires, activation=/opt/river-flood-workflow/data/gold/trigger_decisions/2026-09-30/activation_2026-09-30_20260930T104223Z.csv, operational_information=/opt/river-flood-workflow/data/gold/trigger_decisions/2026-09-30/operational_information_2026-09-30_20260930T104223Z.csv
Sep 30 18:42:23 cenvi510-storage river-flood-process[71414]: 2026-09-30 18:42:23 | INFO     | cli        | main:80                      | Daily ETL complete: 2 basins, 60 units, 0 fired tier decisions. Output: /opt/river-flood-workflow/data/gold/trigger_decisions/2026-09-30/operational_information_2026-09-30_20260930T104223Z.csv
Sep 30 18:42:23 cenvi510-storage river-flood-process[71412]: No alert requested.
Sep 30 18:42:23 cenvi510-storage systemd[1]: river-flood-process.service: Deactivated successfully.
Sep 30 18:42:23 cenvi510-storage systemd[1]: Finished river-flood-process.service - Process GloFAS data for river flood workflow.
Sep 30 18:42:23 cenvi510-storage systemd[1]: river-flood-process.service: Consumed 33.526s CPU time.
Oct 01 18:30:32 cenvi510-storage systemd[1]: Starting glofas-fetch.service - Fetch GloFAS via lftp...
Oct 01 18:34:03 cenvi510-storage systemd[1]: glofas-fetch.service: Deactivated successfully.
Oct 01 18:34:03 cenvi510-storage systemd[1]: Finished glofas-fetch.service - Fetch GloFAS via lftp.
Oct 01 18:34:03 cenvi510-storage systemd[1]: glofas-fetch.service: Consumed 1.120s CPU time.
Oct 01 18:34:03 cenvi510-storage systemd[1]: Starting river-flood-process.service - Process GloFAS data for river flood workflow...
Oct 01 18:34:04 cenvi510-storage river-flood-process[82168]: 2026-10-01 18:34:04 | INFO     | pipeline   | run_daily_monitoring:60      | run_daily_monitoring started — run='daily_flood_monitoring', issue_date=2026-10-01, basins=2, steps=[extract=True, forecast=True, save=True], log=/var/log/river-flood-workflow/2026/10/daily_flood_monitoring_20261001T183404.txt
Oct 01 18:34:04 cenvi510-storage river-flood-process[82168]: 2026-10-01 18:34:04 | INFO     | extract    | extract:31                   | Processing basin 'cagayan'
Oct 01 18:34:04 cenvi510-storage river-flood-process[82168]: 2026-10-01 18:34:04 | INFO     | extract    | _resolve_forecast_path:109   | Checking forecast file: /usr/var/cache/glofas/glofas_areagrid_for_Phillippines_in_Phillippines_2026100100.nc
Oct 01 18:34:04 cenvi510-storage river-flood-process[82168]: 2026-10-01 18:34:04 | INFO     | extract    | _resolve_forecast_path:111   | Forecast file found: /usr/var/cache/glofas/glofas_areagrid_for_Phillippines_in_Phillippines_2026100100.nc
Oct 01 18:34:04 cenvi510-storage river-flood-process[82168]: 2026-10-01 18:34:04 | INFO     | extract    | _load_oep_thresholds:130     | Loading OEP thresholds from /opt/river-flood-workflow/config/risk_profiles/cagayan_oep_curves_all_units.json (oep_min=100)
Oct 01 18:34:04 cenvi510-storage river-flood-process[82168]: 2026-10-01 18:34:04 | INFO     | extract    | _load_oep_thresholds:168     | OEP thresholds loaded: 337 units with valid thresholds (from 338 total, oep_min=100)
Oct 01 18:34:05 cenvi510-storage river-flood-process[82168]: 2026-10-01 18:34:05 | INFO     | extract    | _filter_units_by_target_adm2:243 | Target ADM2 filtering complete for basin 'cagayan': 337 -> 25 units (targets=1)
Oct 01 18:34:05 cenvi510-storage river-flood-process[82168]: 2026-10-01 18:34:05 | INFO     | forecast   | forecast:59                  | Starting evaluation — basin='cagayan', issue_date=2026-10-01
Oct 01 18:34:05 cenvi510-storage river-flood-process[82168]: 2026-10-01 18:34:05 | INFO     | forecast   | detect_flood_events:1318     | Detect phase (detect_flood_events) — basin='cagayan', issue_date=2026-10-01, leads=[1, 2, 3, 4, 5], t0_years=2.0, a_min_km2=100
Oct 01 18:34:05 cenvi510-storage river-flood-process[82168]: 2026-10-01 18:34:05 | INFO     | forecast   | detect_flood_events:1357     | EVT1 params loaded: 1024 cells for basin 'cagayan'
Oct 01 18:34:11 cenvi510-storage river-flood-process[82168]: /opt/river-flood-workflow/.venv/lib/python3.11/site-packages/xarray/backends/plugins.py:109: RuntimeWarning: Engine 'cfgrib' loading failed:
Oct 01 18:34:11 cenvi510-storage river-flood-process[82168]: Cannot find the ecCodes library
Oct 01 18:34:11 cenvi510-storage river-flood-process[82168]:   external_backend_entrypoints = backends_dict_from_pkg(entrypoints_unique)
Oct 01 18:34:11 cenvi510-storage river-flood-process[82168]: 2026-10-01 18:34:11 | INFO     | forecast   | _open_forecast_source:891    | Forecast source opened: 1 files, time_dim='time', member_dim='member', indexed_members=51
Oct 01 18:34:12 cenvi510-storage river-flood-process[82168]: 2026-10-01 18:34:12 | INFO     | forecast   | detect_flood_events:1455     | Lead  1d: 0/51 flood members, 0 qualifying patches
Oct 01 18:34:13 cenvi510-storage river-flood-process[82168]: 2026-10-01 18:34:13 | INFO     | forecast   | detect_flood_events:1455     | Lead  2d: 0/51 flood members, 0 qualifying patches
Oct 01 18:34:15 cenvi510-storage river-flood-process[82168]: 2026-10-01 18:34:15 | INFO     | forecast   | detect_flood_events:1455     | Lead  3d: 0/51 flood members, 0 qualifying patches
Oct 01 18:34:18 cenvi510-storage river-flood-process[82168]: 2026-10-01 18:34:18 | INFO     | forecast   | detect_flood_events:1455     | Lead  4d: 0/51 flood members, 0 qualifying patches
Oct 01 18:34:21 cenvi510-storage river-flood-process[82168]: 2026-10-01 18:34:21 | INFO     | forecast   | detect_flood_events:1455     | Lead  5d: 0/51 flood members, 0 qualifying patches
Oct 01 18:34:21 cenvi510-storage river-flood-process[82168]: 2026-10-01 18:34:21 | INFO     | forecast   | detect_flood_events:1537     | Detect phase complete — 337 units, 5 lead days, 51 members
Oct 01 18:34:21 cenvi510-storage river-flood-process[82168]: 2026-10-01 18:34:21 | INFO     | forecast   | forecast:77                  | Detection mode complete — impact cube has 337 units
Oct 01 18:34:21 cenvi510-storage river-flood-process[82168]: 2026-10-01 18:34:21 | INFO     | forecast   | _aggregate_adm3_impacts_to_adm2:181 | ADM2 aggregation complete: 24 ADM3 units rolled up into parent ADM2 impact totals
Oct 01 18:34:21 cenvi510-storage river-flood-process[82168]: 2026-10-01 18:34:21 | INFO     | forecast   | _compute_prob_exceed:1562    | Computing exceedance probabilities: 337 cube units, 51 ensemble members
Oct 01 18:34:21 cenvi510-storage river-flood-process[82168]: 2026-10-01 18:34:21 | INFO     | forecast   | _compute_prob_exceed:1581    | Exceedance probabilities computed for 25 qualifying units
Oct 01 18:34:21 cenvi510-storage river-flood-process[82168]: 2026-10-01 18:34:21 | INFO     | forecast   | _apply_tier_rules:210        | Applying 3 tier rules to 25 units (persist_days=2, min_lead=1)
Oct 01 18:34:21 cenvi510-storage river-flood-process[82168]: 2026-10-01 18:34:21 | INFO     | forecast   | _apply_tier_rules:305        | Tier evaluation complete: 25 units, 0 tier decisions fired, 1 units below oep_min=100
Oct 01 18:34:21 cenvi510-storage river-flood-process[82168]: 2026-10-01 18:34:21 | INFO     | forecast   | forecast:96                  | Evaluation complete — basin='cagayan', 25 units evaluated
Oct 01 18:34:21 cenvi510-storage river-flood-process[82168]: 2026-10-01 18:34:21 | INFO     | extract    | extract:31                   | Processing basin 'bicol'
Oct 01 18:34:21 cenvi510-storage river-flood-process[82168]: 2026-10-01 18:34:21 | INFO     | extract    | _resolve_forecast_path:109   | Checking forecast file: /usr/var/cache/glofas/glofas_areagrid_for_Phillippines_in_Phillippines_2026100100.nc
Oct 01 18:34:21 cenvi510-storage river-flood-process[82168]: 2026-10-01 18:34:21 | INFO     | extract    | _resolve_forecast_path:111   | Forecast file found: /usr/var/cache/glofas/glofas_areagrid_for_Phillippines_in_Phillippines_2026100100.nc
Oct 01 18:34:21 cenvi510-storage river-flood-process[82168]: 2026-10-01 18:34:21 | INFO     | extract    | _load_oep_thresholds:130     | Loading OEP thresholds from /opt/river-flood-workflow/config/risk_profiles/bicol_oep_curves_all_units.json (oep_min=100)
Oct 01 18:34:21 cenvi510-storage river-flood-process[82168]: 2026-10-01 18:34:21 | INFO     | extract    | _load_oep_thresholds:168     | OEP thresholds loaded: 138 units with valid thresholds (from 139 total, oep_min=100)
Oct 01 18:34:21 cenvi510-storage river-flood-process[82168]: 2026-10-01 18:34:21 | INFO     | extract    | _filter_units_by_target_adm2:243 | Target ADM2 filtering complete for basin 'bicol': 138 -> 35 units (targets=1)
Oct 01 18:34:21 cenvi510-storage river-flood-process[82168]: 2026-10-01 18:34:21 | INFO     | forecast   | forecast:59                  | Starting evaluation — basin='bicol', issue_date=2026-10-01
Oct 01 18:34:21 cenvi510-storage river-flood-process[82168]: 2026-10-01 18:34:21 | INFO     | forecast   | detect_flood_events:1318     | Detect phase (detect_flood_events) — basin='bicol', issue_date=2026-10-01, leads=[1, 2, 3, 4, 5], t0_years=2.0, a_min_km2=100
Oct 01 18:34:21 cenvi510-storage river-flood-process[82168]: 2026-10-01 18:34:21 | INFO     | forecast   | detect_flood_events:1357     | EVT1 params loaded: 137 cells for basin 'bicol'
Oct 01 18:34:27 cenvi510-storage river-flood-process[82168]: 2026-10-01 18:34:27 | INFO     | forecast   | _open_forecast_source:891    | Forecast source opened: 1 files, time_dim='time', member_dim='member', indexed_members=51
Oct 01 18:34:27 cenvi510-storage river-flood-process[82168]: 2026-10-01 18:34:27 | INFO     | forecast   | detect_flood_events:1455     | Lead  1d: 0/51 flood members, 0 qualifying patches
Oct 01 18:34:29 cenvi510-storage river-flood-process[82168]: 2026-10-01 18:34:29 | INFO     | forecast   | detect_flood_events:1455     | Lead  2d: 0/51 flood members, 0 qualifying patches
Oct 01 18:34:30 cenvi510-storage river-flood-process[82168]: 2026-10-01 18:34:30 | INFO     | forecast   | detect_flood_events:1455     | Lead  3d: 0/51 flood members, 0 qualifying patches
Oct 01 18:34:33 cenvi510-storage river-flood-process[82168]: 2026-10-01 18:34:33 | INFO     | forecast   | detect_flood_events:1455     | Lead  4d: 0/51 flood members, 0 qualifying patches
Oct 01 18:34:36 cenvi510-storage river-flood-process[82168]: 2026-10-01 18:34:36 | INFO     | forecast   | detect_flood_events:1455     | Lead  5d: 0/51 flood members, 0 qualifying patches
Oct 01 18:34:36 cenvi510-storage river-flood-process[82168]: 2026-10-01 18:34:36 | INFO     | forecast   | detect_flood_events:1537     | Detect phase complete — 138 units, 5 lead days, 51 members
Oct 01 18:34:36 cenvi510-storage river-flood-process[82168]: 2026-10-01 18:34:36 | INFO     | forecast   | forecast:77                  | Detection mode complete — impact cube has 138 units
Oct 01 18:34:36 cenvi510-storage river-flood-process[82168]: 2026-10-01 18:34:36 | INFO     | forecast   | _aggregate_adm3_impacts_to_adm2:181 | ADM2 aggregation complete: 34 ADM3 units rolled up into parent ADM2 impact totals
Oct 01 18:34:36 cenvi510-storage river-flood-process[82168]: 2026-10-01 18:34:36 | INFO     | forecast   | _compute_prob_exceed:1562    | Computing exceedance probabilities: 138 cube units, 51 ensemble members
Oct 01 18:34:36 cenvi510-storage river-flood-process[82168]: 2026-10-01 18:34:36 | INFO     | forecast   | _compute_prob_exceed:1581    | Exceedance probabilities computed for 35 qualifying units
Oct 01 18:34:36 cenvi510-storage river-flood-process[82168]: 2026-10-01 18:34:36 | INFO     | forecast   | _apply_tier_rules:210        | Applying 3 tier rules to 35 units (persist_days=2, min_lead=1)
Oct 01 18:34:36 cenvi510-storage river-flood-process[82168]: 2026-10-01 18:34:36 | INFO     | forecast   | _apply_tier_rules:305        | Tier evaluation complete: 35 units, 0 tier decisions fired, 35 units below oep_min=100
Oct 01 18:34:36 cenvi510-storage river-flood-process[82168]: 2026-10-01 18:34:36 | INFO     | forecast   | forecast:96                  | Evaluation complete — basin='bicol', 35 units evaluated
Oct 01 18:34:36 cenvi510-storage river-flood-process[82168]: 2026-10-01 18:34:36 | INFO     | save       | save:37                      | Writing output: 2 basins, format=csv, dir=/opt/river-flood-workflow/data/gold/trigger_decisions/2026-10-01
Oct 01 18:34:36 cenvi510-storage river-flood-process[82168]: 2026-10-01 18:34:36 | INFO     | save       | _save_activation_decisions:222 | Activation file written: /opt/river-flood-workflow/data/gold/trigger_decisions/2026-10-01/activation_2026-10-01_20261001T103436Z.csv
Oct 01 18:34:36 cenvi510-storage river-flood-process[82168]: 2026-10-01 18:34:36 | INFO     | save       | _save_operational_information:235 | Operational information file written: /opt/river-flood-workflow/data/gold/trigger_decisions/2026-10-01/operational_information_2026-10-01_20261001T103436Z.csv
Oct 01 18:34:36 cenvi510-storage river-flood-process[82168]: 2026-10-01 18:34:36 | INFO     | save       | save:79                      | No activated tiers found; skipping decision summary file
Oct 01 18:34:36 cenvi510-storage river-flood-process[82168]: 2026-10-01 18:34:36 | INFO     | save       | _prepare_trigger_decisions_for_plotting:282 | Skipping map plotting: no activated rows in CSV
Oct 01 18:34:36 cenvi510-storage river-flood-process[82168]: 2026-10-01 18:34:36 | INFO     | save       | _save_maps:545               | Map files saved: 0 map(s) written to /opt/river-flood-workflow/data/gold/trigger_decisions/2026-10-01/maps
Oct 01 18:34:36 cenvi510-storage river-flood-process[82168]: 2026-10-01 18:34:36 | INFO     | pipeline   | run_daily_monitoring:127     | run_daily_monitoring complete — 2 basins, 0 tier fires, activation=/opt/river-flood-workflow/data/gold/trigger_decisions/2026-10-01/activation_2026-10-01_20261001T103436Z.csv, operational_information=/opt/river-flood-workflow/data/gold/trigger_decisions/2026-10-01/operational_information_2026-10-01_20261001T103436Z.csv
Oct 01 18:34:36 cenvi510-storage river-flood-process[82168]: 2026-10-01 18:34:36 | INFO     | cli        | main:80                      | Daily ETL complete: 2 basins, 60 units, 0 fired tier decisions. Output: /opt/river-flood-workflow/data/gold/trigger_decisions/2026-10-01/operational_information_2026-10-01_20261001T103436Z.csv
Oct 01 18:34:36 cenvi510-storage river-flood-process[82166]: No alert requested.
Oct 01 18:34:36 cenvi510-storage systemd[1]: river-flood-process.service: Deactivated successfully.
Oct 01 18:34:36 cenvi510-storage systemd[1]: Finished river-flood-process.service - Process GloFAS data for river flood workflow.
Oct 01 18:34:36 cenvi510-storage systemd[1]: river-flood-process.service: Consumed 33.269s CPU time.
Oct 02 18:30:02 cenvi510-storage systemd[1]: Starting glofas-fetch.service - Fetch GloFAS via lftp...
